Archive member included because of file (symbol)

c:/freescale/kds_v3/toolchain/bin/../lib/gcc/arm-none-eabi/4.8.4/../../../../arm-none-eabi/lib/armv7e-m/fpu\libg_s.a(lib_a-assert.o)
                              ./code/protocols/I2C/src/generic_i2c_driver.o (__assert_func)
c:/freescale/kds_v3/toolchain/bin/../lib/gcc/arm-none-eabi/4.8.4/../../../../arm-none-eabi/lib/armv7e-m/fpu\libg_s.a(lib_a-errno.o)
                              ./code/SDK/platform/utilities/src/fsl_misc_utilities.o (__errno)
c:/freescale/kds_v3/toolchain/bin/../lib/gcc/arm-none-eabi/4.8.4/../../../../arm-none-eabi/lib/armv7e-m/fpu\libg_s.a(lib_a-exit.o)
                              c:/freescale/kds_v3/toolchain/bin/../lib/gcc/arm-none-eabi/4.8.4/../../../../arm-none-eabi/lib/armv7e-m/fpu/crt0.o (exit)
c:/freescale/kds_v3/toolchain/bin/../lib/gcc/arm-none-eabi/4.8.4/../../../../arm-none-eabi/lib/armv7e-m/fpu\libg_s.a(lib_a-fprintf.o)
                              c:/freescale/kds_v3/toolchain/bin/../lib/gcc/arm-none-eabi/4.8.4/../../../../arm-none-eabi/lib/armv7e-m/fpu\libg_s.a(lib_a-assert.o) (fiprintf)
c:/freescale/kds_v3/toolchain/bin/../lib/gcc/arm-none-eabi/4.8.4/../../../../arm-none-eabi/lib/armv7e-m/fpu\libg_s.a(lib_a-impure.o)
                              c:/freescale/kds_v3/toolchain/bin/../lib/gcc/arm-none-eabi/4.8.4/../../../../arm-none-eabi/lib/armv7e-m/fpu\libg_s.a(lib_a-exit.o) (_global_impure_ptr)
c:/freescale/kds_v3/toolchain/bin/../lib/gcc/arm-none-eabi/4.8.4/../../../../arm-none-eabi/lib/armv7e-m/fpu\libg_s.a(lib_a-init.o)
                              c:/freescale/kds_v3/toolchain/bin/../lib/gcc/arm-none-eabi/4.8.4/../../../../arm-none-eabi/lib/armv7e-m/fpu/crt0.o (__libc_init_array)
c:/freescale/kds_v3/toolchain/bin/../lib/gcc/arm-none-eabi/4.8.4/../../../../arm-none-eabi/lib/armv7e-m/fpu\libg_s.a(lib_a-malloc.o)
                              ./code/SDK/rtos/FreeRTOS/src/heap_3.o (malloc)
c:/freescale/kds_v3/toolchain/bin/../lib/gcc/arm-none-eabi/4.8.4/../../../../arm-none-eabi/lib/armv7e-m/fpu\libg_s.a(lib_a-memcpy-stub.o)
                              ./code/protocols/SPI/src/generic_spi_driver.o (memcpy)
c:/freescale/kds_v3/toolchain/bin/../lib/gcc/arm-none-eabi/4.8.4/../../../../arm-none-eabi/lib/armv7e-m/fpu\libg_s.a(lib_a-memset.o)
                              c:/freescale/kds_v3/toolchain/bin/../lib/gcc/arm-none-eabi/4.8.4/../../../../arm-none-eabi/lib/armv7e-m/fpu/crt0.o (memset)
c:/freescale/kds_v3/toolchain/bin/../lib/gcc/arm-none-eabi/4.8.4/../../../../arm-none-eabi/lib/armv7e-m/fpu\libg_s.a(lib_a-nano-freer.o)
                              c:/freescale/kds_v3/toolchain/bin/../lib/gcc/arm-none-eabi/4.8.4/../../../../arm-none-eabi/lib/armv7e-m/fpu\libg_s.a(lib_a-malloc.o) (_free_r)
c:/freescale/kds_v3/toolchain/bin/../lib/gcc/arm-none-eabi/4.8.4/../../../../arm-none-eabi/lib/armv7e-m/fpu\libg_s.a(lib_a-nano-mallocr.o)
                              c:/freescale/kds_v3/toolchain/bin/../lib/gcc/arm-none-eabi/4.8.4/../../../../arm-none-eabi/lib/armv7e-m/fpu\libg_s.a(lib_a-malloc.o) (_malloc_r)
c:/freescale/kds_v3/toolchain/bin/../lib/gcc/arm-none-eabi/4.8.4/../../../../arm-none-eabi/lib/armv7e-m/fpu\libg_s.a(lib_a-sbrkr.o)
                              c:/freescale/kds_v3/toolchain/bin/../lib/gcc/arm-none-eabi/4.8.4/../../../../arm-none-eabi/lib/armv7e-m/fpu\libg_s.a(lib_a-nano-mallocr.o) (_sbrk_r)
c:/freescale/kds_v3/toolchain/bin/../lib/gcc/arm-none-eabi/4.8.4/../../../../arm-none-eabi/lib/armv7e-m/fpu\libg_s.a(lib_a-vfprintf.o)
                              c:/freescale/kds_v3/toolchain/bin/../lib/gcc/arm-none-eabi/4.8.4/../../../../arm-none-eabi/lib/armv7e-m/fpu\libg_s.a(lib_a-fprintf.o) (_vfprintf_r)
c:/freescale/kds_v3/toolchain/bin/../lib/gcc/arm-none-eabi/4.8.4/../../../../arm-none-eabi/lib/armv7e-m/fpu\libg_s.a(lib_a-vfprintf_i.o)
                              c:/freescale/kds_v3/toolchain/bin/../lib/gcc/arm-none-eabi/4.8.4/../../../../arm-none-eabi/lib/armv7e-m/fpu\libg_s.a(lib_a-vfprintf.o) (_printf_i)
c:/freescale/kds_v3/toolchain/bin/../lib/gcc/arm-none-eabi/4.8.4/../../../../arm-none-eabi/lib/armv7e-m/fpu\libg_s.a(lib_a-wbuf.o)
                              c:/freescale/kds_v3/toolchain/bin/../lib/gcc/arm-none-eabi/4.8.4/../../../../arm-none-eabi/lib/armv7e-m/fpu\libg_s.a(lib_a-vfprintf.o) (__swbuf_r)
c:/freescale/kds_v3/toolchain/bin/../lib/gcc/arm-none-eabi/4.8.4/../../../../arm-none-eabi/lib/armv7e-m/fpu\libg_s.a(lib_a-wsetup.o)
                              c:/freescale/kds_v3/toolchain/bin/../lib/gcc/arm-none-eabi/4.8.4/../../../../arm-none-eabi/lib/armv7e-m/fpu\libg_s.a(lib_a-vfprintf.o) (__swsetup_r)
c:/freescale/kds_v3/toolchain/bin/../lib/gcc/arm-none-eabi/4.8.4/../../../../arm-none-eabi/lib/armv7e-m/fpu\libg_s.a(lib_a-abort.o)
                              c:/freescale/kds_v3/toolchain/bin/../lib/gcc/arm-none-eabi/4.8.4/../../../../arm-none-eabi/lib/armv7e-m/fpu\libg_s.a(lib_a-assert.o) (abort)
[...]
Memory Configuration

Name             Origin             Length             Attributes
m_interrupts     0x00000000         0x00000400         xr
m_flash_config   0x00000400         0x00000010         xr
m_interrupts_ram 0x1fff0000         0x00000400         rw
m_text           0x00000410         0x000ffbf0         xr
m_data           0x1fff0400         0x0000fc00         rw
m_data_2         0x20000000         0x00030000         rw
*default*        0x00000000         0xffffffff

Linker script and memory map

LOAD c:/freescale/kds_v3/toolchain/bin/../lib/gcc/arm-none-eabi/4.8.4/armv7e-m/fpu/crti.o
LOAD c:/freescale/kds_v3/toolchain/bin/../lib/gcc/arm-none-eabi/4.8.4/armv7e-m/fpu/crtbegin.o
LOAD c:/freescale/kds_v3/toolchain/bin/../lib/gcc/arm-none-eabi/4.8.4/../../../../arm-none-eabi/lib/armv7e-m/fpu/crt0.o
START GROUP
LOAD ./code/protocols/SPI/src/generic_spi_driver.o
LOAD ./code/protocols/I2C/src/generic_i2c_driver.o
LOAD ./code/intf/src/host_mcu_interface.o
LOAD ./code/intf/src/host_mcu_interface_defs.o
LOAD ./code/intf/src/host_mcu_interface_events.o
LOAD ./code/intf/src/host_mcu_interface_rx.o
LOAD ./code/intf/src/host_mcu_interface_tx.o
LOAD ./code/intern_flash/src/flash_boot_kinetis.o
LOAD ./code/error/src/error.o
LOAD ./code/SDK/rtos/FreeRTOS/src/croutine.o
LOAD ./code/SDK/rtos/FreeRTOS/src/event_groups.o
LOAD ./code/SDK/rtos/FreeRTOS/src/heap_1.o
LOAD ./code/SDK/rtos/FreeRTOS/src/heap_2.o
LOAD ./code/SDK/rtos/FreeRTOS/src/heap_3.o
LOAD ./code/SDK/rtos/FreeRTOS/src/heap_4.o
LOAD ./code/SDK/rtos/FreeRTOS/src/list.o
LOAD ./code/SDK/rtos/FreeRTOS/src/queue.o
LOAD ./code/SDK/rtos/FreeRTOS/src/tasks.o
LOAD ./code/SDK/rtos/FreeRTOS/src/timers.o
LOAD ./code/SDK/rtos/FreeRTOS/port/gcc/port.o
LOAD ./code/SDK/rtos/FreeRTOS/port/gcc/portasm.o
LOAD ./code/SDK/platform/utilities/src/fsl_misc_utilities.o
LOAD ./code/SDK/platform/system/src/power/fsl_power_manager.o
LOAD ./code/SDK/platform/system/src/interrupt/fsl_interrupt_manager.o
LOAD ./code/SDK/platform/system/src/clock/MK64F12/fsl_clock_MK64F12.o
LOAD ./code/SDK/platform/system/src/clock/fsl_clock_manager.o
LOAD ./code/SDK/platform/system/src/clock/fsl_clock_manager_common.o
LOAD ./code/SDK/platform/osa/src/fsl_os_abstraction_free_rtos.o
LOAD ./code/SDK/platform/hal/src/uart/fsl_uart_hal.o
LOAD ./code/SDK/platform/hal/src/smc/fsl_smc_hal.o
LOAD ./code/SDK/platform/hal/src/sim/MK64F12/fsl_sim_hal_MK64F12.o
LOAD ./code/SDK/platform/hal/src/rtc/fsl_rtc_hal.o
LOAD ./code/SDK/platform/hal/src/rcm/fsl_rcm_hal.o
LOAD ./code/SDK/platform/hal/src/port/fsl_port_hal.o
LOAD ./code/SDK/platform/hal/src/osc/fsl_osc_hal.o
LOAD ./code/SDK/platform/hal/src/mcg/fsl_mcg_hal.o
LOAD ./code/SDK/platform/hal/src/mcg/fsl_mcg_hal_modes.o
LOAD ./code/SDK/platform/hal/src/lptmr/fsl_lptmr_hal.o
LOAD ./code/SDK/platform/hal/src/llwu/fsl_llwu_hal.o
LOAD ./code/SDK/platform/hal/src/i2c/fsl_i2c_hal.o
LOAD ./code/SDK/platform/hal/src/gpio/fsl_gpio_hal.o
LOAD ./code/SDK/platform/hal/src/edma/fsl_edma_hal.o
LOAD ./code/SDK/platform/hal/src/dspi/fsl_dspi_hal.o
LOAD ./code/SDK/platform/hal/src/dmamux/fsl_dmamux_hal.o
LOAD ./code/SDK/platform/hal/src/adc16/fsl_adc16_hal.o
LOAD ./code/SDK/platform/drivers/src/uart/fsl_uart_common.o
LOAD ./code/SDK/platform/drivers/src/uart/fsl_uart_driver.o
LOAD ./code/SDK/platform/drivers/src/rtc/fsl_rtc_common.o
LOAD ./code/SDK/platform/drivers/src/rtc/fsl_rtc_driver.o
LOAD ./code/SDK/platform/drivers/src/lptmr/fsl_lptmr_common.o
LOAD ./code/SDK/platform/drivers/src/lptmr/fsl_lptmr_driver.o
LOAD ./code/SDK/platform/drivers/src/i2c/fsl_i2c_common.o
LOAD ./code/SDK/platform/drivers/src/i2c/fsl_i2c_master_driver.o
LOAD ./code/SDK/platform/drivers/src/i2c/fsl_i2c_shared_function.o
LOAD ./code/SDK/platform/drivers/src/i2c/fsl_i2c_slave_driver.o
LOAD ./code/SDK/platform/drivers/src/gpio/fsl_gpio_common.o
LOAD ./code/SDK/platform/drivers/src/gpio/fsl_gpio_driver.o
LOAD ./code/SDK/platform/drivers/src/edma/fsl_edma_common.o
LOAD ./code/SDK/platform/drivers/src/edma/fsl_edma_driver.o
LOAD ./code/SDK/platform/drivers/src/dspi/fsl_dspi_common.o
LOAD ./code/SDK/platform/drivers/src/dspi/fsl_dspi_edma_master_driver.o
LOAD ./code/SDK/platform/drivers/src/dspi/fsl_dspi_edma_shared_function.o
LOAD ./code/SDK/platform/drivers/src/dspi/fsl_dspi_edma_slave_driver.o
LOAD ./code/SDK/platform/drivers/src/adc16/fsl_adc16_common.o
LOAD ./code/SDK/platform/drivers/src/adc16/fsl_adc16_driver.o
LOAD ./code/SDK/platform/devices/MK64F12/startup/gcc/startup_MK64F12.o
LOAD ./code/SDK/platform/devices/MK64F12/startup/system_MK64F12.o
LOAD ./code/SDK/platform/devices/startup.o
LOAD ./code/SDK/platform/CMSIS/DSP/src/TransformFunctions/arm_bitreversal.o
LOAD ./code/SDK/platform/CMSIS/DSP/src/TransformFunctions/arm_bitreversal2.o
LOAD ./code/SDK/platform/CMSIS/DSP/src/TransformFunctions/arm_cfft_f32.o
LOAD ./code/SDK/platform/CMSIS/DSP/src/TransformFunctions/arm_cfft_q15.o
LOAD ./code/SDK/platform/CMSIS/DSP/src/TransformFunctions/arm_cfft_q31.o
LOAD ./code/SDK/platform/CMSIS/DSP/src/TransformFunctions/arm_cfft_radix2_f32.o
LOAD ./code/SDK/platform/CMSIS/DSP/src/TransformFunctions/arm_cfft_radix2_init_f32.o
LOAD ./code/SDK/platform/CMSIS/DSP/src/TransformFunctions/arm_cfft_radix2_init_q15.o
LOAD ./code/SDK/platform/CMSIS/DSP/src/TransformFunctions/arm_cfft_radix2_init_q31.o
LOAD ./code/SDK/platform/CMSIS/DSP/src/TransformFunctions/arm_cfft_radix2_q15.o
LOAD ./code/SDK/platform/CMSIS/DSP/src/TransformFunctions/arm_cfft_radix2_q31.o
LOAD ./code/SDK/platform/CMSIS/DSP/src/TransformFunctions/arm_cfft_radix4_f32.o
LOAD ./code/SDK/platform/CMSIS/DSP/src/TransformFunctions/arm_cfft_radix4_init_f32.o
LOAD ./code/SDK/platform/CMSIS/DSP/src/TransformFunctions/arm_cfft_radix4_init_q15.o
LOAD ./code/SDK/platform/CMSIS/DSP/src/TransformFunctions/arm_cfft_radix4_init_q31.o
LOAD ./code/SDK/platform/CMSIS/DSP/src/TransformFunctions/arm_cfft_radix4_q15.o
LOAD ./code/SDK/platform/CMSIS/DSP/src/TransformFunctions/arm_cfft_radix4_q31.o
LOAD ./code/SDK/platform/CMSIS/DSP/src/TransformFunctions/arm_cfft_radix8_f32.o
LOAD ./code/SDK/platform/CMSIS/DSP/src/TransformFunctions/arm_dct4_f32.o
LOAD ./code/SDK/platform/CMSIS/DSP/src/TransformFunctions/arm_dct4_init_f32.o
LOAD ./code/SDK/platform/CMSIS/DSP/src/TransformFunctions/arm_dct4_init_q15.o
LOAD ./code/SDK/platform/CMSIS/DSP/src/TransformFunctions/arm_dct4_init_q31.o
LOAD ./code/SDK/platform/CMSIS/DSP/src/TransformFunctions/arm_dct4_q15.o
LOAD ./code/SDK/platform/CMSIS/DSP/src/TransformFunctions/arm_dct4_q31.o
LOAD ./code/SDK/platform/CMSIS/DSP/src/TransformFunctions/arm_rfft_f32.o
LOAD ./code/SDK/platform/CMSIS/DSP/src/TransformFunctions/arm_rfft_fast_f32.o
LOAD ./code/SDK/platform/CMSIS/DSP/src/TransformFunctions/arm_rfft_fast_init_f32.o
LOAD ./code/SDK/platform/CMSIS/DSP/src/TransformFunctions/arm_rfft_init_f32.o
LOAD ./code/SDK/platform/CMSIS/DSP/src/TransformFunctions/arm_rfft_init_q15.o
LOAD ./code/SDK/platform/CMSIS/DSP/src/TransformFunctions/arm_rfft_init_q31.o
LOAD ./code/SDK/platform/CMSIS/DSP/src/TransformFunctions/arm_rfft_q15.o
LOAD ./code/SDK/platform/CMSIS/DSP/src/TransformFunctions/arm_rfft_q31.o
LOAD ./code/SDK/platform/CMSIS/DSP/src/SupportFunctions/arm_copy_f32.o
LOAD ./code/SDK/platform/CMSIS/DSP/src/SupportFunctions/arm_copy_q15.o
LOAD ./code/SDK/platform/CMSIS/DSP/src/SupportFunctions/arm_copy_q31.o
LOAD ./code/SDK/platform/CMSIS/DSP/src/SupportFunctions/arm_copy_q7.o
LOAD ./code/SDK/platform/CMSIS/DSP/src/SupportFunctions/arm_fill_f32.o
LOAD ./code/SDK/platform/CMSIS/DSP/src/SupportFunctions/arm_fill_q15.o
LOAD ./code/SDK/platform/CMSIS/DSP/src/SupportFunctions/arm_fill_q31.o
LOAD ./code/SDK/platform/CMSIS/DSP/src/SupportFunctions/arm_fill_q7.o
LOAD ./code/SDK/platform/CMSIS/DSP/src/SupportFunctions/arm_float_to_q15.o
LOAD ./code/SDK/platform/CMSIS/DSP/src/SupportFunctions/arm_float_to_q31.o
LOAD ./code/SDK/platform/CMSIS/DSP/src/SupportFunctions/arm_float_to_q7.o
LOAD ./code/SDK/platform/CMSIS/DSP/src/SupportFunctions/arm_q15_to_float.o
LOAD ./code/SDK/platform/CMSIS/DSP/src/SupportFunctions/arm_q15_to_q31.o
LOAD ./code/SDK/platform/CMSIS/DSP/src/SupportFunctions/arm_q15_to_q7.o
LOAD ./code/SDK/platform/CMSIS/DSP/src/SupportFunctions/arm_q31_to_float.o
LOAD ./code/SDK/platform/CMSIS/DSP/src/SupportFunctions/arm_q31_to_q15.o
LOAD ./code/SDK/platform/CMSIS/DSP/src/SupportFunctions/arm_q31_to_q7.o
LOAD ./code/SDK/platform/CMSIS/DSP/src/SupportFunctions/arm_q7_to_float.o
LOAD ./code/SDK/platform/CMSIS/DSP/src/SupportFunctions/arm_q7_to_q15.o
LOAD ./code/SDK/platform/CMSIS/DSP/src/SupportFunctions/arm_q7_to_q31.o
LOAD ./code/SDK/platform/CMSIS/DSP/src/StatisticsFunctions/arm_max_f32.o
LOAD ./code/SDK/platform/CMSIS/DSP/src/StatisticsFunctions/arm_max_q15.o
LOAD ./code/SDK/platform/CMSIS/DSP/src/StatisticsFunctions/arm_max_q31.o
LOAD ./code/SDK/platform/CMSIS/DSP/src/StatisticsFunctions/arm_max_q7.o
LOAD ./code/SDK/platform/CMSIS/DSP/src/StatisticsFunctions/arm_mean_f32.o
LOAD ./code/SDK/platform/CMSIS/DSP/src/StatisticsFunctions/arm_mean_q15.o
LOAD ./code/SDK/platform/CMSIS/DSP/src/StatisticsFunctions/arm_mean_q31.o
LOAD ./code/SDK/platform/CMSIS/DSP/src/StatisticsFunctions/arm_mean_q7.o
LOAD ./code/SDK/platform/CMSIS/DSP/src/StatisticsFunctions/arm_min_f32.o
LOAD ./code/SDK/platform/CMSIS/DSP/src/StatisticsFunctions/arm_min_q15.o
LOAD ./code/SDK/platform/CMSIS/DSP/src/StatisticsFunctions/arm_min_q31.o
LOAD ./code/SDK/platform/CMSIS/DSP/src/StatisticsFunctions/arm_min_q7.o
LOAD ./code/SDK/platform/CMSIS/DSP/src/StatisticsFunctions/arm_power_f32.o
LOAD ./code/SDK/platform/CMSIS/DSP/src/StatisticsFunctions/arm_power_q15.o
LOAD ./code/SDK/platform/CMSIS/DSP/src/StatisticsFunctions/arm_power_q31.o
LOAD ./code/SDK/platform/CMSIS/DSP/src/StatisticsFunctions/arm_power_q7.o
LOAD ./code/SDK/platform/CMSIS/DSP/src/StatisticsFunctions/arm_rms_f32.o
LOAD ./code/SDK/platform/CMSIS/DSP/src/StatisticsFunctions/arm_rms_q15.o
LOAD ./code/SDK/platform/CMSIS/DSP/src/StatisticsFunctions/arm_rms_q31.o
LOAD ./code/SDK/platform/CMSIS/DSP/src/StatisticsFunctions/arm_std_f32.o
LOAD ./code/SDK/platform/CMSIS/DSP/src/StatisticsFunctions/arm_std_q15.o
LOAD ./code/SDK/platform/CMSIS/DSP/src/StatisticsFunctions/arm_std_q31.o
LOAD ./code/SDK/platform/CMSIS/DSP/src/StatisticsFunctions/arm_var_f32.o
LOAD ./code/SDK/platform/CMSIS/DSP/src/StatisticsFunctions/arm_var_q15.o
LOAD ./code/SDK/platform/CMSIS/DSP/src/StatisticsFunctions/arm_var_q31.o
LOAD ./code/SDK/platform/CMSIS/DSP/src/MatrixFunctions/arm_mat_add_f32.o
LOAD ./code/SDK/platform/CMSIS/DSP/src/MatrixFunctions/arm_mat_add_q15.o
LOAD ./code/SDK/platform/CMSIS/DSP/src/MatrixFunctions/arm_mat_add_q31.o
LOAD ./code/SDK/platform/CMSIS/DSP/src/MatrixFunctions/arm_mat_cmplx_mult_f32.o
LOAD ./code/SDK/platform/CMSIS/DSP/src/MatrixFunctions/arm_mat_cmplx_mult_q15.o
LOAD ./code/SDK/platform/CMSIS/DSP/src/MatrixFunctions/arm_mat_cmplx_mult_q31.o
LOAD ./code/SDK/platform/CMSIS/DSP/src/MatrixFunctions/arm_mat_init_f32.o
LOAD ./code/SDK/platform/CMSIS/DSP/src/MatrixFunctions/arm_mat_init_q15.o
LOAD ./code/SDK/platform/CMSIS/DSP/src/MatrixFunctions/arm_mat_init_q31.o
LOAD ./code/SDK/platform/CMSIS/DSP/src/MatrixFunctions/arm_mat_inverse_f32.o
LOAD ./code/SDK/platform/CMSIS/DSP/src/MatrixFunctions/arm_mat_inverse_f64.o
LOAD ./code/SDK/platform/CMSIS/DSP/src/MatrixFunctions/arm_mat_mult_f32.o
LOAD ./code/SDK/platform/CMSIS/DSP/src/MatrixFunctions/arm_mat_mult_fast_q15.o
LOAD ./code/SDK/platform/CMSIS/DSP/src/MatrixFunctions/arm_mat_mult_fast_q31.o
LOAD ./code/SDK/platform/CMSIS/DSP/src/MatrixFunctions/arm_mat_mult_q15.o
LOAD ./code/SDK/platform/CMSIS/DSP/src/MatrixFunctions/arm_mat_mult_q31.o
LOAD ./code/SDK/platform/CMSIS/DSP/src/MatrixFunctions/arm_mat_scale_f32.o
LOAD ./code/SDK/platform/CMSIS/DSP/src/MatrixFunctions/arm_mat_scale_q15.o
LOAD ./code/SDK/platform/CMSIS/DSP/src/MatrixFunctions/arm_mat_scale_q31.o
LOAD ./code/SDK/platform/CMSIS/DSP/src/MatrixFunctions/arm_mat_sub_f32.o
LOAD ./code/SDK/platform/CMSIS/DSP/src/MatrixFunctions/arm_mat_sub_q15.o
LOAD ./code/SDK/platform/CMSIS/DSP/src/MatrixFunctions/arm_mat_sub_q31.o
LOAD ./code/SDK/platform/CMSIS/DSP/src/MatrixFunctions/arm_mat_trans_f32.o
LOAD ./code/SDK/platform/CMSIS/DSP/src/MatrixFunctions/arm_mat_trans_q15.o
LOAD ./code/SDK/platform/CMSIS/DSP/src/MatrixFunctions/arm_mat_trans_q31.o
LOAD ./code/SDK/platform/CMSIS/DSP/src/FilteringFunctions/arm_biquad_cascade_df1_32x64_init_q31.o
LOAD ./code/SDK/platform/CMSIS/DSP/src/FilteringFunctions/arm_biquad_cascade_df1_32x64_q31.o
LOAD ./code/SDK/platform/CMSIS/DSP/src/FilteringFunctions/arm_biquad_cascade_df1_f32.o
LOAD ./code/SDK/platform/CMSIS/DSP/src/FilteringFunctions/arm_biquad_cascade_df1_fast_q15.o
LOAD ./code/SDK/platform/CMSIS/DSP/src/FilteringFunctions/arm_biquad_cascade_df1_fast_q31.o
LOAD ./code/SDK/platform/CMSIS/DSP/src/FilteringFunctions/arm_biquad_cascade_df1_init_f32.o
LOAD ./code/SDK/platform/CMSIS/DSP/src/FilteringFunctions/arm_biquad_cascade_df1_init_q15.o
LOAD ./code/SDK/platform/CMSIS/DSP/src/FilteringFunctions/arm_biquad_cascade_df1_init_q31.o
LOAD ./code/SDK/platform/CMSIS/DSP/src/FilteringFunctions/arm_biquad_cascade_df1_q15.o
LOAD ./code/SDK/platform/CMSIS/DSP/src/FilteringFunctions/arm_biquad_cascade_df1_q31.o
LOAD ./code/SDK/platform/CMSIS/DSP/src/FilteringFunctions/arm_biquad_cascade_df2T_f32.o
LOAD ./code/SDK/platform/CMSIS/DSP/src/FilteringFunctions/arm_biquad_cascade_df2T_f64.o
LOAD ./code/SDK/platform/CMSIS/DSP/src/FilteringFunctions/arm_biquad_cascade_df2T_init_f32.o
LOAD ./code/SDK/platform/CMSIS/DSP/src/FilteringFunctions/arm_biquad_cascade_df2T_init_f64.o
LOAD ./code/SDK/platform/CMSIS/DSP/src/FilteringFunctions/arm_biquad_cascade_stereo_df2T_f32.o
LOAD ./code/SDK/platform/CMSIS/DSP/src/FilteringFunctions/arm_biquad_cascade_stereo_df2T_init_f32.o
LOAD ./code/SDK/platform/CMSIS/DSP/src/FilteringFunctions/arm_conv_f32.o
LOAD ./code/SDK/platform/CMSIS/DSP/src/FilteringFunctions/arm_conv_fast_opt_q15.o
LOAD ./code/SDK/platform/CMSIS/DSP/src/FilteringFunctions/arm_conv_fast_q15.o
LOAD ./code/SDK/platform/CMSIS/DSP/src/FilteringFunctions/arm_conv_fast_q31.o
LOAD ./code/SDK/platform/CMSIS/DSP/src/FilteringFunctions/arm_conv_opt_q15.o
LOAD ./code/SDK/platform/CMSIS/DSP/src/FilteringFunctions/arm_conv_opt_q7.o
LOAD ./code/SDK/platform/CMSIS/DSP/src/FilteringFunctions/arm_conv_partial_f32.o
LOAD ./code/SDK/platform/CMSIS/DSP/src/FilteringFunctions/arm_conv_partial_fast_opt_q15.o
LOAD ./code/SDK/platform/CMSIS/DSP/src/FilteringFunctions/arm_conv_partial_fast_q15.o
LOAD ./code/SDK/platform/CMSIS/DSP/src/FilteringFunctions/arm_conv_partial_fast_q31.o
LOAD ./code/SDK/platform/CMSIS/DSP/src/FilteringFunctions/arm_conv_partial_opt_q15.o
LOAD ./code/SDK/platform/CMSIS/DSP/src/FilteringFunctions/arm_conv_partial_opt_q7.o
LOAD ./code/SDK/platform/CMSIS/DSP/src/FilteringFunctions/arm_conv_partial_q15.o
LOAD ./code/SDK/platform/CMSIS/DSP/src/FilteringFunctions/arm_conv_partial_q31.o
LOAD ./code/SDK/platform/CMSIS/DSP/src/FilteringFunctions/arm_conv_partial_q7.o
LOAD ./code/SDK/platform/CMSIS/DSP/src/FilteringFunctions/arm_conv_q15.o
LOAD ./code/SDK/platform/CMSIS/DSP/src/FilteringFunctions/arm_conv_q31.o
LOAD ./code/SDK/platform/CMSIS/DSP/src/FilteringFunctions/arm_conv_q7.o
LOAD ./code/SDK/platform/CMSIS/DSP/src/FilteringFunctions/arm_correlate_f32.o
LOAD ./code/SDK/platform/CMSIS/DSP/src/FilteringFunctions/arm_correlate_fast_opt_q15.o
LOAD ./code/SDK/platform/CMSIS/DSP/src/FilteringFunctions/arm_correlate_fast_q15.o
LOAD ./code/SDK/platform/CMSIS/DSP/src/FilteringFunctions/arm_correlate_fast_q31.o
LOAD ./code/SDK/platform/CMSIS/DSP/src/FilteringFunctions/arm_correlate_opt_q15.o
LOAD ./code/SDK/platform/CMSIS/DSP/src/FilteringFunctions/arm_correlate_opt_q7.o
LOAD ./code/SDK/platform/CMSIS/DSP/src/FilteringFunctions/arm_correlate_q15.o
LOAD ./code/SDK/platform/CMSIS/DSP/src/FilteringFunctions/arm_correlate_q31.o
LOAD ./code/SDK/platform/CMSIS/DSP/src/FilteringFunctions/arm_correlate_q7.o
LOAD ./code/SDK/platform/CMSIS/DSP/src/FilteringFunctions/arm_fir_decimate_f32.o
LOAD ./code/SDK/platform/CMSIS/DSP/src/FilteringFunctions/arm_fir_decimate_fast_q15.o
LOAD ./code/SDK/platform/CMSIS/DSP/src/FilteringFunctions/arm_fir_decimate_fast_q31.o
LOAD ./code/SDK/platform/CMSIS/DSP/src/FilteringFunctions/arm_fir_decimate_init_f32.o
LOAD ./code/SDK/platform/CMSIS/DSP/src/FilteringFunctions/arm_fir_decimate_init_q15.o
LOAD ./code/SDK/platform/CMSIS/DSP/src/FilteringFunctions/arm_fir_decimate_init_q31.o
LOAD ./code/SDK/platform/CMSIS/DSP/src/FilteringFunctions/arm_fir_decimate_q15.o
LOAD ./code/SDK/platform/CMSIS/DSP/src/FilteringFunctions/arm_fir_decimate_q31.o
LOAD ./code/SDK/platform/CMSIS/DSP/src/FilteringFunctions/arm_fir_f32.o
LOAD ./code/SDK/platform/CMSIS/DSP/src/FilteringFunctions/arm_fir_fast_q15.o
LOAD ./code/SDK/platform/CMSIS/DSP/src/FilteringFunctions/arm_fir_fast_q31.o
LOAD ./code/SDK/platform/CMSIS/DSP/src/FilteringFunctions/arm_fir_init_f32.o
LOAD ./code/SDK/platform/CMSIS/DSP/src/FilteringFunctions/arm_fir_init_q15.o
LOAD ./code/SDK/platform/CMSIS/DSP/src/FilteringFunctions/arm_fir_init_q31.o
LOAD ./code/SDK/platform/CMSIS/DSP/src/FilteringFunctions/arm_fir_init_q7.o
LOAD ./code/SDK/platform/CMSIS/DSP/src/FilteringFunctions/arm_fir_interpolate_f32.o
LOAD ./code/SDK/platform/CMSIS/DSP/src/FilteringFunctions/arm_fir_interpolate_init_f32.o
LOAD ./code/SDK/platform/CMSIS/DSP/src/FilteringFunctions/arm_fir_interpolate_init_q15.o
LOAD ./code/SDK/platform/CMSIS/DSP/src/FilteringFunctions/arm_fir_interpolate_init_q31.o
LOAD ./code/SDK/platform/CMSIS/DSP/src/FilteringFunctions/arm_fir_interpolate_q15.o
LOAD ./code/SDK/platform/CMSIS/DSP/src/FilteringFunctions/arm_fir_interpolate_q31.o
LOAD ./code/SDK/platform/CMSIS/DSP/src/FilteringFunctions/arm_fir_lattice_f32.o
LOAD ./code/SDK/platform/CMSIS/DSP/src/FilteringFunctions/arm_fir_lattice_init_f32.o
LOAD ./code/SDK/platform/CMSIS/DSP/src/FilteringFunctions/arm_fir_lattice_init_q15.o
LOAD ./code/SDK/platform/CMSIS/DSP/src/FilteringFunctions/arm_fir_lattice_init_q31.o
LOAD ./code/SDK/platform/CMSIS/DSP/src/FilteringFunctions/arm_fir_lattice_q15.o
LOAD ./code/SDK/platform/CMSIS/DSP/src/FilteringFunctions/arm_fir_lattice_q31.o
LOAD ./code/SDK/platform/CMSIS/DSP/src/FilteringFunctions/arm_fir_q15.o
LOAD ./code/SDK/platform/CMSIS/DSP/src/FilteringFunctions/arm_fir_q31.o
LOAD ./code/SDK/platform/CMSIS/DSP/src/FilteringFunctions/arm_fir_q7.o
LOAD ./code/SDK/platform/CMSIS/DSP/src/FilteringFunctions/arm_fir_sparse_f32.o
LOAD ./code/SDK/platform/CMSIS/DSP/src/FilteringFunctions/arm_fir_sparse_init_f32.o
LOAD ./code/SDK/platform/CMSIS/DSP/src/FilteringFunctions/arm_fir_sparse_init_q15.o
LOAD ./code/SDK/platform/CMSIS/DSP/src/FilteringFunctions/arm_fir_sparse_init_q31.o
LOAD ./code/SDK/platform/CMSIS/DSP/src/FilteringFunctions/arm_fir_sparse_init_q7.o
LOAD ./code/SDK/platform/CMSIS/DSP/src/FilteringFunctions/arm_fir_sparse_q15.o
LOAD ./code/SDK/platform/CMSIS/DSP/src/FilteringFunctions/arm_fir_sparse_q31.o
LOAD ./code/SDK/platform/CMSIS/DSP/src/FilteringFunctions/arm_fir_sparse_q7.o
LOAD ./code/SDK/platform/CMSIS/DSP/src/FilteringFunctions/arm_iir_lattice_f32.o
LOAD ./code/SDK/platform/CMSIS/DSP/src/FilteringFunctions/arm_iir_lattice_init_f32.o
LOAD ./code/SDK/platform/CMSIS/DSP/src/FilteringFunctions/arm_iir_lattice_init_q15.o
LOAD ./code/SDK/platform/CMSIS/DSP/src/FilteringFunctions/arm_iir_lattice_init_q31.o
LOAD ./code/SDK/platform/CMSIS/DSP/src/FilteringFunctions/arm_iir_lattice_q15.o
LOAD ./code/SDK/platform/CMSIS/DSP/src/FilteringFunctions/arm_iir_lattice_q31.o
LOAD ./code/SDK/platform/CMSIS/DSP/src/FilteringFunctions/arm_lms_f32.o
LOAD ./code/SDK/platform/CMSIS/DSP/src/FilteringFunctions/arm_lms_init_f32.o
LOAD ./code/SDK/platform/CMSIS/DSP/src/FilteringFunctions/arm_lms_init_q15.o
LOAD ./code/SDK/platform/CMSIS/DSP/src/FilteringFunctions/arm_lms_init_q31.o
LOAD ./code/SDK/platform/CMSIS/DSP/src/FilteringFunctions/arm_lms_norm_f32.o
LOAD ./code/SDK/platform/CMSIS/DSP/src/FilteringFunctions/arm_lms_norm_init_f32.o
LOAD ./code/SDK/platform/CMSIS/DSP/src/FilteringFunctions/arm_lms_norm_init_q15.o
LOAD ./code/SDK/platform/CMSIS/DSP/src/FilteringFunctions/arm_lms_norm_init_q31.o
LOAD ./code/SDK/platform/CMSIS/DSP/src/FilteringFunctions/arm_lms_norm_q15.o
LOAD ./code/SDK/platform/CMSIS/DSP/src/FilteringFunctions/arm_lms_norm_q31.o
LOAD ./code/SDK/platform/CMSIS/DSP/src/FilteringFunctions/arm_lms_q15.o
LOAD ./code/SDK/platform/CMSIS/DSP/src/FilteringFunctions/arm_lms_q31.o
LOAD ./code/SDK/platform/CMSIS/DSP/src/FastMathFunctions/arm_cos_f32.o
LOAD ./code/SDK/platform/CMSIS/DSP/src/FastMathFunctions/arm_cos_q15.o
LOAD ./code/SDK/platform/CMSIS/DSP/src/FastMathFunctions/arm_cos_q31.o
LOAD ./code/SDK/platform/CMSIS/DSP/src/FastMathFunctions/arm_sin_f32.o
LOAD ./code/SDK/platform/CMSIS/DSP/src/FastMathFunctions/arm_sin_q15.o
LOAD ./code/SDK/platform/CMSIS/DSP/src/FastMathFunctions/arm_sin_q31.o
LOAD ./code/SDK/platform/CMSIS/DSP/src/FastMathFunctions/arm_sqrt_q15.o
LOAD ./code/SDK/platform/CMSIS/DSP/src/FastMathFunctions/arm_sqrt_q31.o
LOAD ./code/SDK/platform/CMSIS/DSP/src/ControllerFunctions/arm_pid_init_f32.o
LOAD ./code/SDK/platform/CMSIS/DSP/src/ControllerFunctions/arm_pid_init_q15.o
LOAD ./code/SDK/platform/CMSIS/DSP/src/ControllerFunctions/arm_pid_init_q31.o
LOAD ./code/SDK/platform/CMSIS/DSP/src/ControllerFunctions/arm_pid_reset_f32.o
LOAD ./code/SDK/platform/CMSIS/DSP/src/ControllerFunctions/arm_pid_reset_q15.o
LOAD ./code/SDK/platform/CMSIS/DSP/src/ControllerFunctions/arm_pid_reset_q31.o
LOAD ./code/SDK/platform/CMSIS/DSP/src/ControllerFunctions/arm_sin_cos_f32.o
LOAD ./code/SDK/platform/CMSIS/DSP/src/ControllerFunctions/arm_sin_cos_q31.o
LOAD ./code/SDK/platform/CMSIS/DSP/src/ComplexMathFunctions/arm_cmplx_conj_f32.o
LOAD ./code/SDK/platform/CMSIS/DSP/src/ComplexMathFunctions/arm_cmplx_conj_q15.o
LOAD ./code/SDK/platform/CMSIS/DSP/src/ComplexMathFunctions/arm_cmplx_conj_q31.o
LOAD ./code/SDK/platform/CMSIS/DSP/src/ComplexMathFunctions/arm_cmplx_dot_prod_f32.o
LOAD ./code/SDK/platform/CMSIS/DSP/src/ComplexMathFunctions/arm_cmplx_dot_prod_q15.o
LOAD ./code/SDK/platform/CMSIS/DSP/src/ComplexMathFunctions/arm_cmplx_dot_prod_q31.o
LOAD ./code/SDK/platform/CMSIS/DSP/src/ComplexMathFunctions/arm_cmplx_mag_f32.o
LOAD ./code/SDK/platform/CMSIS/DSP/src/ComplexMathFunctions/arm_cmplx_mag_q15.o
LOAD ./code/SDK/platform/CMSIS/DSP/src/ComplexMathFunctions/arm_cmplx_mag_q31.o
LOAD ./code/SDK/platform/CMSIS/DSP/src/ComplexMathFunctions/arm_cmplx_mag_squared_f32.o
LOAD ./code/SDK/platform/CMSIS/DSP/src/ComplexMathFunctions/arm_cmplx_mag_squared_q15.o
LOAD ./code/SDK/platform/CMSIS/DSP/src/ComplexMathFunctions/arm_cmplx_mag_squared_q31.o
LOAD ./code/SDK/platform/CMSIS/DSP/src/ComplexMathFunctions/arm_cmplx_mult_cmplx_f32.o
LOAD ./code/SDK/platform/CMSIS/DSP/src/ComplexMathFunctions/arm_cmplx_mult_cmplx_q15.o
LOAD ./code/SDK/platform/CMSIS/DSP/src/ComplexMathFunctions/arm_cmplx_mult_cmplx_q31.o
LOAD ./code/SDK/platform/CMSIS/DSP/src/ComplexMathFunctions/arm_cmplx_mult_real_f32.o
LOAD ./code/SDK/platform/CMSIS/DSP/src/ComplexMathFunctions/arm_cmplx_mult_real_q15.o
LOAD ./code/SDK/platform/CMSIS/DSP/src/ComplexMathFunctions/arm_cmplx_mult_real_q31.o
LOAD ./code/SDK/platform/CMSIS/DSP/src/CommonTables/arm_common_tables.o
LOAD ./code/SDK/platform/CMSIS/DSP/src/CommonTables/arm_const_structs.o
LOAD ./code/SDK/platform/CMSIS/DSP/src/BasicMathFunctions/arm_abs_f32.o
LOAD ./code/SDK/platform/CMSIS/DSP/src/BasicMathFunctions/arm_abs_q15.o
LOAD ./code/SDK/platform/CMSIS/DSP/src/BasicMathFunctions/arm_abs_q31.o
LOAD ./code/SDK/platform/CMSIS/DSP/src/BasicMathFunctions/arm_abs_q7.o
LOAD ./code/SDK/platform/CMSIS/DSP/src/BasicMathFunctions/arm_add_f32.o
LOAD ./code/SDK/platform/CMSIS/DSP/src/BasicMathFunctions/arm_add_q15.o
LOAD ./code/SDK/platform/CMSIS/DSP/src/BasicMathFunctions/arm_add_q31.o
LOAD ./code/SDK/platform/CMSIS/DSP/src/BasicMathFunctions/arm_add_q7.o
LOAD ./code/SDK/platform/CMSIS/DSP/src/BasicMathFunctions/arm_dot_prod_f32.o
LOAD ./code/SDK/platform/CMSIS/DSP/src/BasicMathFunctions/arm_dot_prod_q15.o
LOAD ./code/SDK/platform/CMSIS/DSP/src/BasicMathFunctions/arm_dot_prod_q31.o
LOAD ./code/SDK/platform/CMSIS/DSP/src/BasicMathFunctions/arm_dot_prod_q7.o
LOAD ./code/SDK/platform/CMSIS/DSP/src/BasicMathFunctions/arm_mult_f32.o
LOAD ./code/SDK/platform/CMSIS/DSP/src/BasicMathFunctions/arm_mult_q15.o
LOAD ./code/SDK/platform/CMSIS/DSP/src/BasicMathFunctions/arm_mult_q31.o
LOAD ./code/SDK/platform/CMSIS/DSP/src/BasicMathFunctions/arm_mult_q7.o
LOAD ./code/SDK/platform/CMSIS/DSP/src/BasicMathFunctions/arm_negate_f32.o
LOAD ./code/SDK/platform/CMSIS/DSP/src/BasicMathFunctions/arm_negate_q15.o
LOAD ./code/SDK/platform/CMSIS/DSP/src/BasicMathFunctions/arm_negate_q31.o
LOAD ./code/SDK/platform/CMSIS/DSP/src/BasicMathFunctions/arm_negate_q7.o
LOAD ./code/SDK/platform/CMSIS/DSP/src/BasicMathFunctions/arm_offset_f32.o
LOAD ./code/SDK/platform/CMSIS/DSP/src/BasicMathFunctions/arm_offset_q15.o
LOAD ./code/SDK/platform/CMSIS/DSP/src/BasicMathFunctions/arm_offset_q31.o
LOAD ./code/SDK/platform/CMSIS/DSP/src/BasicMathFunctions/arm_offset_q7.o
LOAD ./code/SDK/platform/CMSIS/DSP/src/BasicMathFunctions/arm_scale_f32.o
LOAD ./code/SDK/platform/CMSIS/DSP/src/BasicMathFunctions/arm_scale_q15.o
LOAD ./code/SDK/platform/CMSIS/DSP/src/BasicMathFunctions/arm_scale_q31.o
LOAD ./code/SDK/platform/CMSIS/DSP/src/BasicMathFunctions/arm_scale_q7.o
LOAD ./code/SDK/platform/CMSIS/DSP/src/BasicMathFunctions/arm_shift_q15.o
LOAD ./code/SDK/platform/CMSIS/DSP/src/BasicMathFunctions/arm_shift_q31.o
LOAD ./code/SDK/platform/CMSIS/DSP/src/BasicMathFunctions/arm_shift_q7.o
LOAD ./code/SDK/platform/CMSIS/DSP/src/BasicMathFunctions/arm_sub_f32.o
LOAD ./code/SDK/platform/CMSIS/DSP/src/BasicMathFunctions/arm_sub_q15.o
LOAD ./code/SDK/platform/CMSIS/DSP/src/BasicMathFunctions/arm_sub_q31.o
LOAD ./code/SDK/platform/CMSIS/DSP/src/BasicMathFunctions/arm_sub_q7.o
LOAD ./code/PEx/src/BATTERY_ADC.o
LOAD ./code/PEx/src/CLK_manager.o
LOAD ./code/PEx/src/CLOCK.o
LOAD ./code/PEx/src/Cpu.o
LOAD ./code/PEx/src/DEBUG_UART.o
LOAD ./code/PEx/src/DMA_controller.o
LOAD ./code/PEx/src/FLASH_SPI.o
LOAD ./code/PEx/src/FS_I2C.o
LOAD ./code/PEx/src/GPIO.o
LOAD ./code/PEx/src/HEXI_OS.o
LOAD ./code/PEx/src/KW40_UART.o
LOAD ./code/PEx/src/NFS_I2C.o
LOAD ./code/PEx/src/OLED_SPI.o
LOAD ./code/PEx/src/PWR_Manager.o
LOAD ./code/PEx/src/free_rtos.o
LOAD ./code/PEx/src/hardware_init.o
LOAD ./code/PEx/src/pin_mux.o
LOAD ./code/PEx/src/sensor_timer.o
LOAD ./code/PEx/src/test_uart.o
LOAD ./code/OLED/src/OLED_defs.o
LOAD ./code/OLED/src/OLED_driver.o
LOAD ./code/OLED/src/OLED_resources.o
LOAD ./code/HEXIWEAR/src/HEXIWEAR_defs.o
LOAD ./code/HEXIWEAR/src/HEXIWEAR_driver.o
LOAD ./code/Events.o
LOAD ./code/PE_low_level_init.o
LOAD ./code/main.o
LOAD c:/freescale/kds_v3/toolchain/bin/../lib/gcc/arm-none-eabi/4.8.4/../../../../arm-none-eabi/lib/armv7e-m/fpu\libg_s.a
LOAD c:/freescale/kds_v3/toolchain/bin/../lib/gcc/arm-none-eabi/4.8.4/armv7e-m/fpu\libgcc.a
LOAD c:/freescale/kds_v3/toolchain/bin/../lib/gcc/arm-none-eabi/4.8.4/../../../../arm-none-eabi/lib/armv7e-m/fpu\libnosys.a
END GROUP
LOAD c:/freescale/kds_v3/toolchain/bin/../lib/gcc/arm-none-eabi/4.8.4/../../../../arm-none-eabi/lib/armv7e-m/fpu\libstdc++_s.a
LOAD c:/freescale/kds_v3/toolchain/bin/../lib/gcc/arm-none-eabi/4.8.4/../../../../arm-none-eabi/lib/armv7e-m/fpu\libm.a
START GROUP
LOAD c:/freescale/kds_v3/toolchain/bin/../lib/gcc/arm-none-eabi/4.8.4/armv7e-m/fpu\libgcc.a
LOAD c:/freescale/kds_v3/toolchain/bin/../lib/gcc/arm-none-eabi/4.8.4/../../../../arm-none-eabi/lib/armv7e-m/fpu\libg_s.a
LOAD c:/freescale/kds_v3/toolchain/bin/../lib/gcc/arm-none-eabi/4.8.4/../../../../arm-none-eabi/lib/armv7e-m/fpu\libc_s.a
END GROUP
START GROUP
LOAD c:/freescale/kds_v3/toolchain/bin/../lib/gcc/arm-none-eabi/4.8.4/armv7e-m/fpu\libgcc.a
LOAD c:/freescale/kds_v3/toolchain/bin/../lib/gcc/arm-none-eabi/4.8.4/../../../../arm-none-eabi/lib/armv7e-m/fpu\libc_s.a
LOAD c:/freescale/kds_v3/toolchain/bin/../lib/gcc/arm-none-eabi/4.8.4/../../../../arm-none-eabi/lib/armv7e-m/fpu\libnosys.a
END GROUP
START GROUP
LOAD c:/freescale/kds_v3/toolchain/bin/../lib/gcc/arm-none-eabi/4.8.4/armv7e-m/fpu\libgcc.a
LOAD c:/freescale/kds_v3/toolchain/bin/../lib/gcc/arm-none-eabi/4.8.4/../../../../arm-none-eabi/lib/armv7e-m/fpu\libc_s.a
LOAD c:/freescale/kds_v3/toolchain/bin/../lib/gcc/arm-none-eabi/4.8.4/../../../../arm-none-eabi/lib/armv7e-m/fpu\libnosys.a
END GROUP
LOAD c:/freescale/kds_v3/toolchain/bin/../lib/gcc/arm-none-eabi/4.8.4/armv7e-m/fpu/crtend.o
LOAD c:/freescale/kds_v3/toolchain/bin/../lib/gcc/arm-none-eabi/4.8.4/armv7e-m/fpu/crtn.o
                0x0001ffff                HEAP_SIZE = DEFINED (__heap_size__)?__heap_size__:0x1ffff
                0x0000ffff                STACK_SIZE = DEFINED (__stack_size__)?__stack_size__:0xffff

.interrupts     0x00000000      0x400
                0x00000000                __VECTOR_TABLE = .
                0x00000000                . = ALIGN (0x4)
 *(.isr_vector)
 .isr_vector    0x00000000      0x400 ./code/SDK/platform/devices/MK64F12/startup/gcc/startup_MK64F12.o
                0x00000000                __isr_vector
                0x00000400                . = ALIGN (0x4)
                0x1fff0000                __VECTOR_RAM = ORIGIN (m_interrupts_ram)

.flash_config   0x00000400       0x10
                0x00000400                . = ALIGN (0x4)
 *(.FlashConfig)
 .FlashConfig   0x00000400       0x10 ./code/SDK/platform/devices/MK64F12/startup/gcc/startup_MK64F12.o
                0x00000410                . = ALIGN (0x4)

.text           0x00000410     0x87c8
                0x00000410                . = ALIGN (0x4)
 *(.text)
 .text          0x00000410       0x54 c:/freescale/kds_v3/toolchain/bin/../lib/gcc/arm-none-eabi/4.8.4/armv7e-m/fpu/crtbegin.o
 .text          0x00000464       0x74 c:/freescale/kds_v3/toolchain/bin/../lib/gcc/arm-none-eabi/4.8.4/../../../../arm-none-eabi/lib/armv7e-m/fpu/crt0.o
                0x00000464                _start
                0x00000464                _mainCRTStartup
 .text          0x000004d8       0x14 ./code/SDK/platform/devices/MK64F12/startup/gcc/startup_MK64F12.o
                0x000004d8                Reset_Handler
                0x000004e8                DebugMon_Handler
                0x000004e8                ENET_Error_IRQHandler
                0x000004e8                CAN0_Tx_Warning_IRQHandler
                0x000004e8                PIT0_IRQHandler
                0x000004e8                CAN0_ORed_Message_buffer_IRQHandler
                0x000004e8                CMP2_IRQHandler
                0x000004e8                ENET_Receive_IRQHandler
                0x000004e8                ENET_1588_Timer_IRQHandler
                0x000004e8                UART2_RX_TX_IRQHandler
                0x000004e8                SWI_IRQHandler
                0x000004e8                I2S0_Tx_IRQHandler
                0x000004e8                CMT_IRQHandler
                0x000004e8                CMP1_IRQHandler
                0x000004e8                Reserved71_IRQHandler
                0x000004e8                UART4_ERR_IRQHandler
                0x000004e8                ADC1_IRQHandler
                0x000004e8                I2C2_IRQHandler
                0x000004e8                PIT2_IRQHandler
                0x000004e8                I2S0_Rx_IRQHandler
                0x000004e8                PDB0_IRQHandler
                0x000004e8                CAN0_Rx_Warning_IRQHandler
                0x000004e8                FTM1_IRQHandler
                0x000004e8                UART5_RX_TX_IRQHandler
                0x000004e8                UART3_ERR_IRQHandler
                0x000004e8                PIT3_IRQHandler
                0x000004e8                SDHC_IRQHandler
                0x000004e8                MCG_IRQHandler
                0x000004e8                FTFE_IRQHandler
                0x000004e8                UART2_ERR_IRQHandler
                0x000004e8                UART5_ERR_IRQHandler
                0x000004e8                Read_Collision_IRQHandler
                0x000004e8                ENET_Transmit_IRQHandler
                0x000004e8                USBDCD_IRQHandler
                0x000004e8                USB0_IRQHandler
                0x000004e8                WDOG_EWM_IRQHandler
                0x000004e8                UART0_LON_IRQHandler
                0x000004e8                RNG_IRQHandler
                0x000004e8                DAC0_IRQHandler
                0x000004e8                CAN0_Error_IRQHandler
                0x000004e8                PIT1_IRQHandler
                0x000004e8                UART0_ERR_IRQHandler
                0x000004e8                DMA_Error_IRQHandler
                0x000004e8                LVD_LVW_IRQHandler
                0x000004e8                SPI0_IRQHandler
                0x000004e8                FTM0_IRQHandler
                0x000004e8                PORTA_IRQHandler
                0x000004e8                DAC1_IRQHandler
                0x000004e8                MCM_IRQHandler
                0x000004e8                CAN0_Bus_Off_IRQHandler
                0x000004e8                FTM3_IRQHandler
                0x000004e8                PORTE_IRQHandler
                0x000004e8                FTM2_IRQHandler
                0x000004e8                CAN0_Wake_Up_IRQHandler
                0x000004e8                UART1_ERR_IRQHandler
                0x000004e8                UART1_RX_TX_IRQHandler
                0x000004e8                CMP0_IRQHandler
 *(.text*)
 .text.SPI_Init
                0x000004ec       0x5c ./code/protocols/SPI/src/generic_spi_driver.o
                0x000004ec                SPI_Init
 .text.HostInterface_Init
                0x00000548       0x34 ./code/intf/src/host_mcu_interface.o
                0x00000548                HostInterface_Init
 .text.HostInterface_EventsInit
                0x0000057c        0xc ./code/intf/src/host_mcu_interface_events.o
                0x0000057c                HostInterface_EventsInit
 .text.HostInterface_EventSendOkPacketSet
                0x00000588        0xc ./code/intf/src/host_mcu_interface_events.o
                0x00000588                HostInterface_EventSendOkPacketSet
 .text.HostInterface_EventSendOkPacketWait
                0x00000594       0x20 ./code/intf/src/host_mcu_interface_events.o
                0x00000594                HostInterface_EventSendOkPacketWait
 .text.HostInterface_RxTask
                0x000005b4       0x4c ./code/intf/src/host_mcu_interface_rx.o
 .text.HostInterface_RxInit
                0x00000600       0x90 ./code/intf/src/host_mcu_interface_rx.o
                0x00000600                HostInterface_RxInit
 .text.HostInterface_RxQueueMsgPut
                0x00000690       0x20 ./code/intf/src/host_mcu_interface_rx.o
                0x00000690                HostInterface_RxQueueMsgPut
 .text.HostInterface_RxCallback
                0x000006b0       0xa4 ./code/intf/src/host_mcu_interface_rx.o
 .text.HostInterface_CmdQueueMsgGet
                0x00000754       0x24 ./code/intf/src/host_mcu_interface_rx.o
                0x00000754                HostInterface_CmdQueueMsgGet
 .text.HostInterface_OkTask
                0x00000778       0x30 ./code/intf/src/host_mcu_interface_tx.o
 .text.HostInterface_TxInit
                0x000007a8       0x38 ./code/intf/src/host_mcu_interface_tx.o
                0x000007a8                HostInterface_TxInit
 .text.ExecuteOnStackStart
                0x000007e0       0x18 ./code/intern_flash/src/flash_boot_kinetis.o
 .text.INTFLASH_Init
                0x000007f8       0x54 ./code/intern_flash/src/flash_boot_kinetis.o
                0x000007f8                INTFLASH_Init
 .text.catch    0x0000084c        0xa ./code/error/src/error.o
                0x0000084c                catch
 .text.vApplicationMallocFailedHook
                0x00000856        0x4 ./code/error/src/error.o
                0x00000856                vApplicationMallocFailedHook
 .text.vApplicationStackOverflowHook
                0x0000085a        0x4 ./code/error/src/error.o
                0x0000085a                vApplicationStackOverflowHook
 .text.UsageFault_Handler
                0x0000085e        0x4 ./code/error/src/error.o
                0x0000085e                UsageFault_Handler
 .text.HardFault_Handler
                0x00000862        0x6 ./code/error/src/error.o
                0x00000862                HardFault_Handler
 .text.MemManage_Handler
                0x00000868        0x4 ./code/error/src/error.o
                0x00000868                MemManage_Handler
 .text.DefaultISR
                0x0000086c        0x6 ./code/error/src/error.o
                0x0000086c                DefaultISR
 .text.BusFault_Handler
                0x00000872        0x6 ./code/error/src/error.o
                0x00000872                BusFault_Handler
 .text.NMI_Handler
                0x00000878        0x6 ./code/error/src/error.o
                0x00000878                NMI_Handler
 .text.xEventGroupCreate
                0x0000087e       0x1a ./code/SDK/rtos/FreeRTOS/src/event_groups.o
                0x0000087e                xEventGroupCreate
 .text.xEventGroupWaitBits
                0x00000898       0xda ./code/SDK/rtos/FreeRTOS/src/event_groups.o
                0x00000898                xEventGroupWaitBits
 .text.xEventGroupSetBits
                0x00000972       0x68 ./code/SDK/rtos/FreeRTOS/src/event_groups.o
                0x00000972                xEventGroupSetBits
 .text.vEventGroupSetBitsCallback
                0x000009da        0x4 ./code/SDK/rtos/FreeRTOS/src/event_groups.o
                0x000009da                vEventGroupSetBitsCallback
 .text.pvPortMalloc
                0x000009de       0x1e ./code/SDK/rtos/FreeRTOS/src/heap_3.o
                0x000009de                pvPortMalloc
 .text.vPortFree
                0x000009fc       0x1a ./code/SDK/rtos/FreeRTOS/src/heap_3.o
                0x000009fc                vPortFree
 .text.vListInitialise
                0x00000a16       0x16 ./code/SDK/rtos/FreeRTOS/src/list.o
                0x00000a16                vListInitialise
 .text.vListInitialiseItem
                0x00000a2c        0x6 ./code/SDK/rtos/FreeRTOS/src/list.o
                0x00000a2c                vListInitialiseItem
 .text.vListInsertEnd
                0x00000a32       0x18 ./code/SDK/rtos/FreeRTOS/src/list.o
                0x00000a32                vListInsertEnd
 .text.vListInsert
                0x00000a4a       0x30 ./code/SDK/rtos/FreeRTOS/src/list.o
                0x00000a4a                vListInsert
 .text.uxListRemove
                0x00000a7a       0x20 ./code/SDK/rtos/FreeRTOS/src/list.o
                0x00000a7a                uxListRemove
 .text.unlikely.prvCopyDataToQueue
                0x00000a9a       0x66 ./code/SDK/rtos/FreeRTOS/src/queue.o
 .text.unlikely.prvCopyDataFromQueue
                0x00000b00       0x26 ./code/SDK/rtos/FreeRTOS/src/queue.o
 .text.prvUnlockQueue
                0x00000b26       0x64 ./code/SDK/rtos/FreeRTOS/src/queue.o
 .text.xQueueGenericReset
                0x00000b8a       0x66 ./code/SDK/rtos/FreeRTOS/src/queue.o
                0x00000b8a                xQueueGenericReset
 .text.xQueueGenericCreate
                0x00000bf0       0x40 ./code/SDK/rtos/FreeRTOS/src/queue.o
                0x00000bf0                xQueueGenericCreate
 .text.xQueueGetMutexHolder
                0x00000c30       0x1a ./code/SDK/rtos/FreeRTOS/src/queue.o
                0x00000c30                xQueueGetMutexHolder
 .text.xQueueCreateCountingSemaphore
                0x00000c4a       0x36 ./code/SDK/rtos/FreeRTOS/src/queue.o
                0x00000c4a                xQueueCreateCountingSemaphore
 .text.xQueueGenericSend
                0x00000c80      0x122 ./code/SDK/rtos/FreeRTOS/src/queue.o
                0x00000c80                xQueueGenericSend
 .text.xQueueCreateMutex
                0x00000da2       0x4e ./code/SDK/rtos/FreeRTOS/src/queue.o
                0x00000da2                xQueueCreateMutex
 .text.xQueueGenericSendFromISR
                0x00000df0       0x84 ./code/SDK/rtos/FreeRTOS/src/queue.o
                0x00000df0                xQueueGenericSendFromISR
 .text.xQueueGenericReceive
                0x00000e74      0x136 ./code/SDK/rtos/FreeRTOS/src/queue.o
                0x00000e74                xQueueGenericReceive
 *fill*         0x00000faa        0x2 
 .text.vQueueAddToRegistry
                0x00000fac       0x24 ./code/SDK/rtos/FreeRTOS/src/queue.o
                0x00000fac                vQueueAddToRegistry
 .text.vQueueWaitForMessageRestricted
                0x00000fd0       0x3a ./code/SDK/rtos/FreeRTOS/src/queue.o
                0x00000fd0                vQueueWaitForMessageRestricted
 *fill*         0x0000100a        0x2 
 .text.prvResetNextTaskUnblockTime
                0x0000100c       0x24 ./code/SDK/rtos/FreeRTOS/src/tasks.o
 .text.prvAddCurrentTaskToDelayedList
                0x00001030       0x50 ./code/SDK/rtos/FreeRTOS/src/tasks.o
 .text.xTaskGenericCreate
                0x00001080      0x19c ./code/SDK/rtos/FreeRTOS/src/tasks.o
                0x00001080                xTaskGenericCreate
 .text.vTaskDelete
                0x0000121c       0x88 ./code/SDK/rtos/FreeRTOS/src/tasks.o
                0x0000121c                vTaskDelete
 .text.vTaskStartScheduler
                0x000012a4       0x64 ./code/SDK/rtos/FreeRTOS/src/tasks.o
                0x000012a4                vTaskStartScheduler
 .text.vTaskSuspendAll
                0x00001308       0x10 ./code/SDK/rtos/FreeRTOS/src/tasks.o
                0x00001308                vTaskSuspendAll
 .text.xTaskGetTickCount
                0x00001318       0x18 ./code/SDK/rtos/FreeRTOS/src/tasks.o
                0x00001318                xTaskGetTickCount
 .text.xTaskIncrementTick
                0x00001330      0x110 ./code/SDK/rtos/FreeRTOS/src/tasks.o
                0x00001330                xTaskIncrementTick
 .text.xTaskResumeAll
                0x00001440       0xcc ./code/SDK/rtos/FreeRTOS/src/tasks.o
                0x00001440                xTaskResumeAll
 .text.vTaskDelay
                0x0000150c       0x50 ./code/SDK/rtos/FreeRTOS/src/tasks.o
                0x0000150c                vTaskDelay
 .text.prvIdleTask
                0x0000155c       0x68 ./code/SDK/rtos/FreeRTOS/src/tasks.o
 .text.vTaskSwitchContext
                0x000015c4       0x84 ./code/SDK/rtos/FreeRTOS/src/tasks.o
                0x000015c4                vTaskSwitchContext
 .text.vTaskPlaceOnEventList
                0x00001648       0x50 ./code/SDK/rtos/FreeRTOS/src/tasks.o
                0x00001648                vTaskPlaceOnEventList
 .text.vTaskPlaceOnUnorderedEventList
                0x00001698       0x6c ./code/SDK/rtos/FreeRTOS/src/tasks.o
                0x00001698                vTaskPlaceOnUnorderedEventList
 .text.vTaskPlaceOnEventListRestricted
                0x00001704       0x38 ./code/SDK/rtos/FreeRTOS/src/tasks.o
                0x00001704                vTaskPlaceOnEventListRestricted
 .text.xTaskRemoveFromEventList
                0x0000173c       0x78 ./code/SDK/rtos/FreeRTOS/src/tasks.o
                0x0000173c                xTaskRemoveFromEventList
 .text.xTaskRemoveFromUnorderedEventList
                0x000017b4       0x78 ./code/SDK/rtos/FreeRTOS/src/tasks.o
                0x000017b4                xTaskRemoveFromUnorderedEventList
 .text.vTaskSetTimeOutState
                0x0000182c       0x24 ./code/SDK/rtos/FreeRTOS/src/tasks.o
                0x0000182c                vTaskSetTimeOutState
 .text.xTaskCheckForTimeOut
                0x00001850       0x64 ./code/SDK/rtos/FreeRTOS/src/tasks.o
                0x00001850                xTaskCheckForTimeOut
 .text.vTaskMissedYield
                0x000018b4        0xc ./code/SDK/rtos/FreeRTOS/src/tasks.o
                0x000018b4                vTaskMissedYield
 .text.xTaskGetCurrentTaskHandle
                0x000018c0        0xc ./code/SDK/rtos/FreeRTOS/src/tasks.o
                0x000018c0                xTaskGetCurrentTaskHandle
 .text.xTaskGetSchedulerState
                0x000018cc       0x20 ./code/SDK/rtos/FreeRTOS/src/tasks.o
                0x000018cc                xTaskGetSchedulerState
 .text.vTaskPriorityInherit
                0x000018ec       0x70 ./code/SDK/rtos/FreeRTOS/src/tasks.o
                0x000018ec                vTaskPriorityInherit
 .text.vTaskPriorityDisinherit
                0x0000195c       0x4c ./code/SDK/rtos/FreeRTOS/src/tasks.o
                0x0000195c                vTaskPriorityDisinherit
 .text.uxTaskResetEventItemValue
                0x000019a8       0x18 ./code/SDK/rtos/FreeRTOS/src/tasks.o
                0x000019a8                uxTaskResetEventItemValue
 .text.prvInsertTimerInActiveList
                0x000019c0       0x3c ./code/SDK/rtos/FreeRTOS/src/timers.o
 .text.prvCheckForValidListAndQueue
                0x000019fc       0x64 ./code/SDK/rtos/FreeRTOS/src/timers.o
 .text.xTimerCreateTimerTask
                0x00001a60       0x44 ./code/SDK/rtos/FreeRTOS/src/timers.o
                0x00001a60                xTimerCreateTimerTask
 .text.xTimerGenericCommand
                0x00001aa4       0x44 ./code/SDK/rtos/FreeRTOS/src/timers.o
                0x00001aa4                xTimerGenericCommand
 .text.prvSwitchTimerLists
                0x00001ae8       0x6c ./code/SDK/rtos/FreeRTOS/src/timers.o
 .text.prvTimerTask
                0x00001b54      0x18c ./code/SDK/rtos/FreeRTOS/src/timers.o
 .text.xTimerPendFunctionCallFromISR
                0x00001ce0       0x24 ./code/SDK/rtos/FreeRTOS/src/timers.o
                0x00001ce0                xTimerPendFunctionCallFromISR
 .text.pxPortInitialiseStack
                0x00001d04       0x1e ./code/SDK/rtos/FreeRTOS/port/gcc/port.o
                0x00001d04                pxPortInitialiseStack
 *fill*         0x00001d22        0x2 
 .text.vPortInitTickTimer
                0x00001d24       0x28 ./code/SDK/rtos/FreeRTOS/port/gcc/port.o
                0x00001d24                vPortInitTickTimer
 .text.vPortEnableVFP
                0x00001d4c       0x10 ./code/SDK/rtos/FreeRTOS/port/gcc/port.o
                0x00001d4c                vPortEnableVFP
 .text.vPortEnterCritical
                0x00001d5c       0x20 ./code/SDK/rtos/FreeRTOS/port/gcc/port.o
                0x00001d5c                vPortEnterCritical
 .text.vPortExitCritical
                0x00001d7c       0x18 ./code/SDK/rtos/FreeRTOS/port/gcc/port.o
                0x00001d7c                vPortExitCritical
 .text.vPortYieldFromISR
                0x00001d94       0x18 ./code/SDK/rtos/FreeRTOS/port/gcc/port.o
                0x00001d94                vPortYieldFromISR
 .text.SysTick_Handler
                0x00001dac       0x1e ./code/SDK/rtos/FreeRTOS/port/gcc/port.o
                0x00001dac                SysTick_Handler
 *fill*         0x00001dca        0x2 
 .text.vPortStartFirstTask
                0x00001dcc       0x18 ./code/SDK/rtos/FreeRTOS/port/gcc/port.o
                0x00001dcc                vPortStartFirstTask
 .text.xPortStartScheduler
                0x00001de4       0x44 ./code/SDK/rtos/FreeRTOS/port/gcc/port.o
                0x00001de4                xPortStartScheduler
 .text.SVC_Handler
                0x00001e28       0x1c ./code/SDK/rtos/FreeRTOS/port/gcc/port.o
                0x00001e28                SVC_Handler
 .text.PendSV_Handler
                0x00001e44       0x50 ./code/SDK/rtos/FreeRTOS/port/gcc/port.o
                0x00001e44                PendSV_Handler
 .text._sbrk    0x00001e94       0x40 ./code/SDK/platform/utilities/src/fsl_misc_utilities.o
                0x00001e94                _sbrk
 .text.SIM_HAL_EnableClock.constprop.12
                0x00001ed4       0x10 ./code/SDK/platform/system/src/clock/MK64F12/fsl_clock_MK64F12.o
 .text.CLOCK_SYS_GetSystemClockFreq
                0x00001ee4       0x24 ./code/SDK/platform/system/src/clock/MK64F12/fsl_clock_MK64F12.o
                0x00001ee4                CLOCK_SYS_GetSystemClockFreq
 .text.CLOCK_SYS_GetBusClockFreq
                0x00001f08       0x24 ./code/SDK/platform/system/src/clock/MK64F12/fsl_clock_MK64F12.o
                0x00001f08                CLOCK_SYS_GetBusClockFreq
 .text.CLOCK_SYS_GetExternalRefClock32kFreq
                0x00001f2c       0x40 ./code/SDK/platform/system/src/clock/MK64F12/fsl_clock_MK64F12.o
                0x00001f2c                CLOCK_SYS_GetExternalRefClock32kFreq
 .text.CLOCK_SYS_GetOsc0ExternalRefClockFreq
                0x00001f6c       0x20 ./code/SDK/platform/system/src/clock/MK64F12/fsl_clock_MK64F12.o
                0x00001f6c                CLOCK_SYS_GetOsc0ExternalRefClockFreq
 .text.CLOCK_SYS_GetLptmrFreq
                0x00001f8c       0x28 ./code/SDK/platform/system/src/clock/MK64F12/fsl_clock_MK64F12.o
                0x00001f8c                CLOCK_SYS_GetLptmrFreq
 .text.CLOCK_SYS_GetUartFreq
                0x00001fb4       0x1a ./code/SDK/platform/system/src/clock/MK64F12/fsl_clock_MK64F12.o
                0x00001fb4                CLOCK_SYS_GetUartFreq
 *fill*         0x00001fce        0x2 
 .text.CLOCK_SYS_EnablePortClock
                0x00001fd0       0x30 ./code/SDK/platform/system/src/clock/MK64F12/fsl_clock_MK64F12.o
                0x00001fd0                CLOCK_SYS_EnablePortClock
 .text.CLOCK_SYS_EnableAdcClock
                0x00002000       0x30 ./code/SDK/platform/system/src/clock/MK64F12/fsl_clock_MK64F12.o
                0x00002000                CLOCK_SYS_EnableAdcClock
 .text.CLOCK_SYS_EnableSpiClock
                0x00002030       0x30 ./code/SDK/platform/system/src/clock/MK64F12/fsl_clock_MK64F12.o
                0x00002030                CLOCK_SYS_EnableSpiClock
 .text.CLOCK_SYS_EnableI2cClock
                0x00002060       0x30 ./code/SDK/platform/system/src/clock/MK64F12/fsl_clock_MK64F12.o
                0x00002060                CLOCK_SYS_EnableI2cClock
 .text.CLOCK_SYS_EnableUartClock
                0x00002090       0x30 ./code/SDK/platform/system/src/clock/MK64F12/fsl_clock_MK64F12.o
                0x00002090                CLOCK_SYS_EnableUartClock
 .text.OSA_SemaCreate
                0x000020c0       0x30 ./code/SDK/platform/osa/src/fsl_os_abstraction_free_rtos.o
                0x000020c0                OSA_SemaCreate
 .text.OSA_SemaWait
                0x000020f0       0x48 ./code/SDK/platform/osa/src/fsl_os_abstraction_free_rtos.o
                0x000020f0                OSA_SemaWait
 .text.OSA_SemaPost
                0x00002138       0x60 ./code/SDK/platform/osa/src/fsl_os_abstraction_free_rtos.o
                0x00002138                OSA_SemaPost
 .text.OSA_MutexCreate
                0x00002198       0x30 ./code/SDK/platform/osa/src/fsl_os_abstraction_free_rtos.o
                0x00002198                OSA_MutexCreate
 .text.OSA_MutexLock
                0x000021c8       0x60 ./code/SDK/platform/osa/src/fsl_os_abstraction_free_rtos.o
                0x000021c8                OSA_MutexLock
 .text.OSA_MutexUnlock
                0x00002228       0x48 ./code/SDK/platform/osa/src/fsl_os_abstraction_free_rtos.o
                0x00002228                OSA_MutexUnlock
 .text.OSA_EventCreate
                0x00002270       0x34 ./code/SDK/platform/osa/src/fsl_os_abstraction_free_rtos.o
                0x00002270                OSA_EventCreate
 .text.OSA_EventWait
                0x000022a4       0x58 ./code/SDK/platform/osa/src/fsl_os_abstraction_free_rtos.o
                0x000022a4                OSA_EventWait
 .text.OSA_EventSet
                0x000022fc       0x54 ./code/SDK/platform/osa/src/fsl_os_abstraction_free_rtos.o
                0x000022fc                OSA_EventSet
 .text.OSA_TaskCreate
                0x00002350       0x2c ./code/SDK/platform/osa/src/fsl_os_abstraction_free_rtos.o
                0x00002350                OSA_TaskCreate
 .text.OSA_TaskDestroy
                0x0000237c        0xa ./code/SDK/platform/osa/src/fsl_os_abstraction_free_rtos.o
                0x0000237c                OSA_TaskDestroy
 .text.OSA_MsgQCreate
                0x00002386        0xa ./code/SDK/platform/osa/src/fsl_os_abstraction_free_rtos.o
                0x00002386                OSA_MsgQCreate
 .text.OSA_MsgQPut
                0x00002390       0x40 ./code/SDK/platform/osa/src/fsl_os_abstraction_free_rtos.o
                0x00002390                OSA_MsgQPut
 .text.OSA_MsgQGet
                0x000023d0       0x26 ./code/SDK/platform/osa/src/fsl_os_abstraction_free_rtos.o
                0x000023d0                OSA_MsgQGet
 .text.OSA_MemAlloc
                0x000023f6        0x4 ./code/SDK/platform/osa/src/fsl_os_abstraction_free_rtos.o
                0x000023f6                OSA_MemAlloc
 .text.OSA_MemFree
                0x000023fa        0xa ./code/SDK/platform/osa/src/fsl_os_abstraction_free_rtos.o
                0x000023fa                OSA_MemFree
 .text.OSA_TimeDelay
                0x00002404       0x14 ./code/SDK/platform/osa/src/fsl_os_abstraction_free_rtos.o
                0x00002404                OSA_TimeDelay
 .text.OSA_Init
                0x00002418        0x4 ./code/SDK/platform/osa/src/fsl_os_abstraction_free_rtos.o
                0x00002418                OSA_Init
 .text.OSA_Start
                0x0000241c        0xa ./code/SDK/platform/osa/src/fsl_os_abstraction_free_rtos.o
                0x0000241c                OSA_Start
 .text.UART_HAL_Init
                0x00002426       0x2a ./code/SDK/platform/hal/src/uart/fsl_uart_hal.o
                0x00002426                UART_HAL_Init
 .text.UART_HAL_SetBaudRate
                0x00002450       0x42 ./code/SDK/platform/hal/src/uart/fsl_uart_hal.o
                0x00002450                UART_HAL_SetBaudRate
 .text.UART_HAL_SetParityMode
                0x00002492       0x14 ./code/SDK/platform/hal/src/uart/fsl_uart_hal.o
                0x00002492                UART_HAL_SetParityMode
 .text.UART_HAL_Putchar
                0x000024a6        0x6 ./code/SDK/platform/hal/src/uart/fsl_uart_hal.o
                0x000024a6                UART_HAL_Putchar
 .text.UART_HAL_Getchar
                0x000024ac        0x8 ./code/SDK/platform/hal/src/uart/fsl_uart_hal.o
                0x000024ac                UART_HAL_Getchar
 .text.UART_HAL_SetIntMode
                0x000024b4       0x68 ./code/SDK/platform/hal/src/uart/fsl_uart_hal.o
                0x000024b4                UART_HAL_SetIntMode
 .text.UART_HAL_GetStatusFlag
                0x0000251c       0x2a ./code/SDK/platform/hal/src/uart/fsl_uart_hal.o
                0x0000251c                UART_HAL_GetStatusFlag
 .text.UART_HAL_ClearStatusFlag
                0x00002546       0x64 ./code/SDK/platform/hal/src/uart/fsl_uart_hal.o
                0x00002546                UART_HAL_ClearStatusFlag
 .text.UART_HAL_SetTxFifoCmd
                0x000025aa       0x24 ./code/SDK/platform/hal/src/uart/fsl_uart_hal.o
                0x000025aa                UART_HAL_SetTxFifoCmd
 .text.UART_HAL_SetRxFifoCmd
                0x000025ce       0x24 ./code/SDK/platform/hal/src/uart/fsl_uart_hal.o
                0x000025ce                UART_HAL_SetRxFifoCmd
 .text.UART_HAL_FlushTxFifo
                0x000025f2       0x24 ./code/SDK/platform/hal/src/uart/fsl_uart_hal.o
                0x000025f2                UART_HAL_FlushTxFifo
 .text.UART_HAL_FlushRxFifo
                0x00002616       0x24 ./code/SDK/platform/hal/src/uart/fsl_uart_hal.o
                0x00002616                UART_HAL_FlushRxFifo
 .text.UART_HAL_SetTxFifoWatermark
                0x0000263a       0x1a ./code/SDK/platform/hal/src/uart/fsl_uart_hal.o
                0x0000263a                UART_HAL_SetTxFifoWatermark
 .text.UART_HAL_SetRxFifoWatermark
                0x00002654       0x1a ./code/SDK/platform/hal/src/uart/fsl_uart_hal.o
                0x00002654                UART_HAL_SetRxFifoWatermark
 *fill*         0x0000266e        0x2 
 .text.RTC_HAL_Enable
                0x00002670       0x24 ./code/SDK/platform/hal/src/rtc/fsl_rtc_hal.o
                0x00002670                RTC_HAL_Enable
 .text.RTC_HAL_Init
                0x00002694       0x3a ./code/SDK/platform/hal/src/rtc/fsl_rtc_hal.o
                0x00002694                RTC_HAL_Init
 *fill*         0x000026ce        0x2 
 .text.CLOCK_HAL_TestOscFreq
                0x000026d0       0x28 ./code/SDK/platform/hal/src/mcg/fsl_mcg_hal.o
                0x000026d0                CLOCK_HAL_TestOscFreq
 .text.CLOCK_HAL_GetMcgExternalClkFreq
                0x000026f8        0xa ./code/SDK/platform/hal/src/mcg/fsl_mcg_hal.o
 .text.CLOCK_HAL_TestFllExternalRefFreq
                0x00002702       0x32 ./code/SDK/platform/hal/src/mcg/fsl_mcg_hal.o
                0x00002702                CLOCK_HAL_TestFllExternalRefFreq
 .text.CLOCK_HAL_GetFllRefClk
                0x00002734       0x3c ./code/SDK/platform/hal/src/mcg/fsl_mcg_hal.o
                0x00002734                CLOCK_HAL_GetFllRefClk
 .text.CLOCK_HAL_TestFllFreq
                0x00002770       0x34 ./code/SDK/platform/hal/src/mcg/fsl_mcg_hal.o
                0x00002770                CLOCK_HAL_TestFllFreq
 .text.CLOCK_HAL_GetFllClk
                0x000027a4       0x36 ./code/SDK/platform/hal/src/mcg/fsl_mcg_hal.o
                0x000027a4                CLOCK_HAL_GetFllClk
 .text.CLOCK_HAL_GetPll0Clk
                0x000027da       0x3e ./code/SDK/platform/hal/src/mcg/fsl_mcg_hal.o
                0x000027da                CLOCK_HAL_GetPll0Clk
 .text.CLOCK_HAL_GetInternalRefClk
                0x00002818       0x3c ./code/SDK/platform/hal/src/mcg/fsl_mcg_hal.o
                0x00002818                CLOCK_HAL_GetInternalRefClk
 .text.CLOCK_HAL_GetOutClk
                0x00002854       0x22 ./code/SDK/platform/hal/src/mcg/fsl_mcg_hal.o
                0x00002854                CLOCK_HAL_GetOutClk
 .text.LPTMR_HAL_SetTimerWorkingMode
                0x00002876       0x40 ./code/SDK/platform/hal/src/lptmr/fsl_lptmr_hal.o
                0x00002876                LPTMR_HAL_SetTimerWorkingMode
 .text.LPTMR_HAL_SetPrescalerMode
                0x000028b6       0x1c ./code/SDK/platform/hal/src/lptmr/fsl_lptmr_hal.o
                0x000028b6                LPTMR_HAL_SetPrescalerMode
 .text.I2C_HAL_Init
                0x000028d2       0x1c ./code/SDK/platform/hal/src/i2c/fsl_i2c_hal.o
                0x000028d2                I2C_HAL_Init
 *fill*         0x000028ee        0x2 
 .text.I2C_HAL_SetBaudRate
                0x000028f0       0x78 ./code/SDK/platform/hal/src/i2c/fsl_i2c_hal.o
                0x000028f0                I2C_HAL_SetBaudRate
 .text.I2C_HAL_SendStop
                0x00002968       0x50 ./code/SDK/platform/hal/src/i2c/fsl_i2c_hal.o
                0x00002968                I2C_HAL_SendStop
 .text.GPIO_HAL_SetPinDir
                0x000029b8       0x3c ./code/SDK/platform/hal/src/gpio/fsl_gpio_hal.o
                0x000029b8                GPIO_HAL_SetPinDir
 .text.GPIO_HAL_WritePinOutput
                0x000029f4       0x30 ./code/SDK/platform/hal/src/gpio/fsl_gpio_hal.o
                0x000029f4                GPIO_HAL_WritePinOutput
 .text.EDMA_HAL_SetErrorIntCmd
                0x00002a24        0xa ./code/SDK/platform/hal/src/edma/fsl_edma_hal.o
                0x00002a24                EDMA_HAL_SetErrorIntCmd
 .text.EDMA_HAL_SetDmaRequestCmd
                0x00002a2e        0xa ./code/SDK/platform/hal/src/edma/fsl_edma_hal.o
                0x00002a2e                EDMA_HAL_SetDmaRequestCmd
 .text.EDMA_HAL_HTCDClearReg
                0x00002a38       0x3c ./code/SDK/platform/hal/src/edma/fsl_edma_hal.o
                0x00002a38                EDMA_HAL_HTCDClearReg
 .text.EDMA_HAL_Init
                0x00002a74       0x2a ./code/SDK/platform/hal/src/edma/fsl_edma_hal.o
                0x00002a74                EDMA_HAL_Init
 *fill*         0x00002a9e        0x2 
 .text.EDMA_HAL_HTCDSetAttribute
                0x00002aa0       0x48 ./code/SDK/platform/hal/src/edma/fsl_edma_hal.o
                0x00002aa0                EDMA_HAL_HTCDSetAttribute
 .text.EDMA_HAL_HTCDSetNbytes
                0x00002ae8       0x70 ./code/SDK/platform/hal/src/edma/fsl_edma_hal.o
                0x00002ae8                EDMA_HAL_HTCDSetNbytes
 .text.EDMA_HAL_HTCDSetScatterGatherLink
                0x00002b58       0x3c ./code/SDK/platform/hal/src/edma/fsl_edma_hal.o
                0x00002b58                EDMA_HAL_HTCDSetScatterGatherLink
 .text.EDMA_HAL_HTCDSetChannelMinorLink
                0x00002b94       0x7c ./code/SDK/platform/hal/src/edma/fsl_edma_hal.o
                0x00002b94                EDMA_HAL_HTCDSetChannelMinorLink
 .text.EDMA_HAL_HTCDSetMajorCount
                0x00002c10       0x74 ./code/SDK/platform/hal/src/edma/fsl_edma_hal.o
                0x00002c10                EDMA_HAL_HTCDSetMajorCount
 .text.EDMA_HAL_STCDSetAttribute
                0x00002c84       0x3c ./code/SDK/platform/hal/src/edma/fsl_edma_hal.o
                0x00002c84                EDMA_HAL_STCDSetAttribute
 .text.EDMA_HAL_STCDSetNbytes
                0x00002cc0       0x40 ./code/SDK/platform/hal/src/edma/fsl_edma_hal.o
                0x00002cc0                EDMA_HAL_STCDSetNbytes
 .text.EDMA_HAL_STCDSetMajorCount
                0x00002d00       0x54 ./code/SDK/platform/hal/src/edma/fsl_edma_hal.o
                0x00002d00                EDMA_HAL_STCDSetMajorCount
 .text.EDMA_HAL_PushSTCDToHTCD
                0x00002d54       0x88 ./code/SDK/platform/hal/src/edma/fsl_edma_hal.o
                0x00002d54                EDMA_HAL_PushSTCDToHTCD
 .text.EDMA_HAL_STCDSetBasicTransfer
                0x00002ddc       0x80 ./code/SDK/platform/hal/src/edma/fsl_edma_hal.o
                0x00002ddc                EDMA_HAL_STCDSetBasicTransfer
 .text.DSPI_HAL_Init
                0x00002e5c       0x34 ./code/SDK/platform/hal/src/dspi/fsl_dspi_hal.o
                0x00002e5c                DSPI_HAL_Init
 .text.DSPI_HAL_SetBaudRate
                0x00002e90       0xdc ./code/SDK/platform/hal/src/dspi/fsl_dspi_hal.o
                0x00002e90                DSPI_HAL_SetBaudRate
 .text.DSPI_HAL_SetPcsPolarityMode
                0x00002f6c       0x20 ./code/SDK/platform/hal/src/dspi/fsl_dspi_hal.o
                0x00002f6c                DSPI_HAL_SetPcsPolarityMode
 .text.DSPI_HAL_SetFifoCmd
                0x00002f8c       0x2a ./code/SDK/platform/hal/src/dspi/fsl_dspi_hal.o
                0x00002f8c                DSPI_HAL_SetFifoCmd
 .text.DSPI_HAL_SetFlushFifoCmd
                0x00002fb6        0xc ./code/SDK/platform/hal/src/dspi/fsl_dspi_hal.o
                0x00002fb6                DSPI_HAL_SetFlushFifoCmd
 .text.DSPI_HAL_SetDataFormat
                0x00002fc2       0x80 ./code/SDK/platform/hal/src/dspi/fsl_dspi_hal.o
                0x00002fc2                DSPI_HAL_SetDataFormat
 .text.DSPI_HAL_SetDelay
                0x00003042       0x7e ./code/SDK/platform/hal/src/dspi/fsl_dspi_hal.o
                0x00003042                DSPI_HAL_SetDelay
 .text.DSPI_HAL_SetTxFifoFillDmaIntMode
                0x000030c0        0xe ./code/SDK/platform/hal/src/dspi/fsl_dspi_hal.o
                0x000030c0                DSPI_HAL_SetTxFifoFillDmaIntMode
 .text.DSPI_HAL_SetRxFifoDrainDmaIntMode
                0x000030ce        0xe ./code/SDK/platform/hal/src/dspi/fsl_dspi_hal.o
                0x000030ce                DSPI_HAL_SetRxFifoDrainDmaIntMode
 .text.DSPI_HAL_SetIntMode
                0x000030dc       0x14 ./code/SDK/platform/hal/src/dspi/fsl_dspi_hal.o
                0x000030dc                DSPI_HAL_SetIntMode
 .text.DSPI_HAL_GetFormattedCommand
                0x000030f0       0x1e ./code/SDK/platform/hal/src/dspi/fsl_dspi_hal.o
                0x000030f0                DSPI_HAL_GetFormattedCommand
 .text.DMAMUX_HAL_Init
                0x0000310e       0x1e ./code/SDK/platform/hal/src/dmamux/fsl_dmamux_hal.o
                0x0000310e                DMAMUX_HAL_Init
 .text.ADC16_HAL_Init
                0x0000312c       0x10 ./code/SDK/platform/hal/src/adc16/fsl_adc16_hal.o
                0x0000312c                ADC16_HAL_Init
 .text.ADC16_HAL_ConfigChn
                0x0000313c       0x40 ./code/SDK/platform/hal/src/adc16/fsl_adc16_hal.o
                0x0000313c                ADC16_HAL_ConfigChn
 .text.ADC16_HAL_ConfigConverter
                0x0000317c       0x92 ./code/SDK/platform/hal/src/adc16/fsl_adc16_hal.o
                0x0000317c                ADC16_HAL_ConfigConverter
 *fill*         0x0000320e        0x2 
 .text.UART_DRV_StartSendData
                0x00003210       0x5c ./code/SDK/platform/drivers/src/uart/fsl_uart_driver.o
 .text.UART_DRV_CompleteSendData
                0x0000326c       0x54 ./code/SDK/platform/drivers/src/uart/fsl_uart_driver.o
 .text.UART_DRV_CompleteReceiveData
                0x000032c0       0x5c ./code/SDK/platform/drivers/src/uart/fsl_uart_driver.o
 .text.UART_DRV_Init
                0x0000331c      0x168 ./code/SDK/platform/drivers/src/uart/fsl_uart_driver.o
                0x0000331c                UART_DRV_Init
 .text.UART_DRV_InstallRxCallback
                0x00003484       0x4c ./code/SDK/platform/drivers/src/uart/fsl_uart_driver.o
                0x00003484                UART_DRV_InstallRxCallback
 .text.UART_DRV_SendDataBlocking
                0x000034d0       0x80 ./code/SDK/platform/drivers/src/uart/fsl_uart_driver.o
                0x000034d0                UART_DRV_SendDataBlocking
 .text.UART_DRV_IRQHandler
                0x00003550       0xd4 ./code/SDK/platform/drivers/src/uart/fsl_uart_driver.o
                0x00003550                UART_DRV_IRQHandler
 .text.INT_SYS_EnableIRQ
                0x00003624       0x48 ./code/SDK/platform/drivers/src/rtc/fsl_rtc_driver.o
 .text.RTC_DRV_Init
                0x0000366c       0x6c ./code/SDK/platform/drivers/src/rtc/fsl_rtc_driver.o
                0x0000366c                RTC_DRV_Init
 .text.INT_SYS_DisableIRQ
                0x000036d8       0x4c ./code/SDK/platform/drivers/src/lptmr/fsl_lptmr_driver.o
 .text.LPTMR_DRV_Init
                0x00003724      0x130 ./code/SDK/platform/drivers/src/lptmr/fsl_lptmr_driver.o
                0x00003724                LPTMR_DRV_Init
 .text.LPTMR_DRV_IRQHandler
                0x00003854       0x64 ./code/SDK/platform/drivers/src/lptmr/fsl_lptmr_driver.o
                0x00003854                LPTMR_DRV_IRQHandler
 .text.I2C_DRV_CompleteTransfer
                0x000038b8       0x6c ./code/SDK/platform/drivers/src/i2c/fsl_i2c_master_driver.o
 .text.I2C_DRV_MasterInit
                0x00003924       0xd8 ./code/SDK/platform/drivers/src/i2c/fsl_i2c_master_driver.o
                0x00003924                I2C_DRV_MasterInit
 .text.I2C_DRV_MasterSetBaudRate
                0x000039fc       0x64 ./code/SDK/platform/drivers/src/i2c/fsl_i2c_master_driver.o
                0x000039fc                I2C_DRV_MasterSetBaudRate
 .text.I2C_DRV_MasterIRQHandler
                0x00003a60       0xa0 ./code/SDK/platform/drivers/src/i2c/fsl_i2c_master_driver.o
                0x00003a60                I2C_DRV_MasterIRQHandler
 .text.I2C_DRV_IRQHandler
                0x00003b00       0x44 ./code/SDK/platform/drivers/src/i2c/fsl_i2c_shared_function.o
                0x00003b00                I2C_DRV_IRQHandler
 .text.I2C_HAL_SetIntCmd
                0x00003b44        0xc ./code/SDK/platform/drivers/src/i2c/fsl_i2c_slave_driver.o
 .text.I2C_DRV_SlaveIRQHandler
                0x00003b50      0x1f0 ./code/SDK/platform/drivers/src/i2c/fsl_i2c_slave_driver.o
                0x00003b50                I2C_DRV_SlaveIRQHandler
 .text.unlikely.PORT_HAL_SetMuxMode.part.0
                0x00003d40       0x1c ./code/SDK/platform/drivers/src/gpio/fsl_gpio_driver.o
 .text.GPIO_DRV_InputPinInit
                0x00003d5c       0xe4 ./code/SDK/platform/drivers/src/gpio/fsl_gpio_driver.o
                0x00003d5c                GPIO_DRV_InputPinInit
 .text.GPIO_DRV_OutputPinInit
                0x00003e40       0x70 ./code/SDK/platform/drivers/src/gpio/fsl_gpio_driver.o
                0x00003e40                GPIO_DRV_OutputPinInit
 .text.GPIO_DRV_Init
                0x00003eb0       0x32 ./code/SDK/platform/drivers/src/gpio/fsl_gpio_driver.o
                0x00003eb0                GPIO_DRV_Init
 *fill*         0x00003ee2        0x2 
 .text.GPIO_DRV_SetPinOutput
                0x00003ee4       0x38 ./code/SDK/platform/drivers/src/gpio/fsl_gpio_driver.o
                0x00003ee4                GPIO_DRV_SetPinOutput
 .text.GPIO_DRV_ClearPinOutput
                0x00003f1c       0x38 ./code/SDK/platform/drivers/src/gpio/fsl_gpio_driver.o
                0x00003f1c                GPIO_DRV_ClearPinOutput
 .text.INT_SYS_EnableIRQ
                0x00003f54       0x48 ./code/SDK/platform/drivers/src/edma/fsl_edma_driver.o
 .text.EDMA_DRV_ClaimChannel
                0x00003f9c       0x6c ./code/SDK/platform/drivers/src/edma/fsl_edma_driver.o
 .text.EDMA_DRV_Init
                0x00004008       0x84 ./code/SDK/platform/drivers/src/edma/fsl_edma_driver.o
                0x00004008                EDMA_DRV_Init
 .text.EDMA_DRV_RequestChannel
                0x0000408c       0x9c ./code/SDK/platform/drivers/src/edma/fsl_edma_driver.o
                0x0000408c                EDMA_DRV_RequestChannel
 .text.EDMA_DRV_IRQHandler
                0x00004128       0x34 ./code/SDK/platform/drivers/src/edma/fsl_edma_driver.o
                0x00004128                EDMA_DRV_IRQHandler
 .text.EDMA_DRV_PushDescriptorToReg
                0x0000415c       0x2c ./code/SDK/platform/drivers/src/edma/fsl_edma_driver.o
                0x0000415c                EDMA_DRV_PushDescriptorToReg
 .text.DSPI_DRV_EdmaMasterCompleteTransfer
                0x00004188       0x5c ./code/SDK/platform/drivers/src/dspi/fsl_dspi_edma_master_driver.o
 .text.EDMA_HAL_HTCDSetChannelMajorLink
                0x000041e4       0x4c ./code/SDK/platform/drivers/src/dspi/fsl_dspi_edma_master_driver.o
 .text.DSPI_DRV_EdmaMasterInit
                0x00004230      0x170 ./code/SDK/platform/drivers/src/dspi/fsl_dspi_edma_master_driver.o
                0x00004230                DSPI_DRV_EdmaMasterInit
 .text.DSPI_DRV_EdmaMasterConfigureBus
                0x000043a0       0x64 ./code/SDK/platform/drivers/src/dspi/fsl_dspi_edma_master_driver.o
                0x000043a0                DSPI_DRV_EdmaMasterConfigureBus
 .text.DSPI_DRV_EdmaMasterStartTransfer
                0x00004404      0x52c ./code/SDK/platform/drivers/src/dspi/fsl_dspi_edma_master_driver.o
 .text.DSPI_DRV_EdmaMasterTransferBlocking
                0x00004930       0x90 ./code/SDK/platform/drivers/src/dspi/fsl_dspi_edma_master_driver.o
                0x00004930                DSPI_DRV_EdmaMasterTransferBlocking
 .text.DSPI_DRV_EdmaMasterIRQHandler
                0x000049c0       0x18 ./code/SDK/platform/drivers/src/dspi/fsl_dspi_edma_master_driver.o
                0x000049c0                DSPI_DRV_EdmaMasterIRQHandler
 .text.DSPI_DRV_EdmaIRQHandler
                0x000049d8       0x40 ./code/SDK/platform/drivers/src/dspi/fsl_dspi_edma_shared_function.o
                0x000049d8                DSPI_DRV_EdmaIRQHandler
 .text.EDMA_HAL_HTCDSetIntCmd
                0x00004a18       0x34 ./code/SDK/platform/drivers/src/dspi/fsl_dspi_edma_slave_driver.o
 .text.DSPI_DRV_EdmaCompleteTransfer
                0x00004a4c       0xcc ./code/SDK/platform/drivers/src/dspi/fsl_dspi_edma_slave_driver.o
 .text.DSPI_DRV_EdmaSlaveIRQHandler
                0x00004b18       0x5c ./code/SDK/platform/drivers/src/dspi/fsl_dspi_edma_slave_driver.o
                0x00004b18                DSPI_DRV_EdmaSlaveIRQHandler
 .text.ADC16_DRV_Init
                0x00004b74       0x94 ./code/SDK/platform/drivers/src/adc16/fsl_adc16_driver.o
                0x00004b74                ADC16_DRV_Init
 .text.ADC16_DRV_ConfigConvChn
                0x00004c08       0x38 ./code/SDK/platform/drivers/src/adc16/fsl_adc16_driver.o
                0x00004c08                ADC16_DRV_ConfigConvChn
 .text.SystemInit
                0x00004c40      0x160 ./code/SDK/platform/devices/MK64F12/startup/system_MK64F12.o
                0x00004c40                SystemInit
 .text.init_data_bss
                0x00004da0       0x7c ./code/SDK/platform/devices/startup.o
                0x00004da0                init_data_bss
 .text.Components_Init
                0x00004e1c      0x104 ./code/PEx/src/Cpu.o
                0x00004e1c                Components_Init
 .text.UART3_RX_TX_IRQHandler
                0x00004f20        0x6 ./code/PEx/src/DEBUG_UART.o
                0x00004f20                UART3_RX_TX_IRQHandler
 .text.DMA0_IRQHandler
                0x00004f26        0x6 ./code/PEx/src/DMA_controller.o
                0x00004f26                DMA0_IRQHandler
 .text.DMA1_IRQHandler
                0x00004f2c        0x6 ./code/PEx/src/DMA_controller.o
                0x00004f2c                DMA1_IRQHandler
 .text.DMA2_IRQHandler
                0x00004f32        0x6 ./code/PEx/src/DMA_controller.o
                0x00004f32                DMA2_IRQHandler
 .text.DMA3_IRQHandler
                0x00004f38        0x6 ./code/PEx/src/DMA_controller.o
                0x00004f38                DMA3_IRQHandler
 .text.DMA4_IRQHandler
                0x00004f3e        0x6 ./code/PEx/src/DMA_controller.o
                0x00004f3e                DMA4_IRQHandler
 .text.DMA5_IRQHandler
                0x00004f44        0x6 ./code/PEx/src/DMA_controller.o
                0x00004f44                DMA5_IRQHandler
 .text.DMA6_IRQHandler
                0x00004f4a        0x6 ./code/PEx/src/DMA_controller.o
                0x00004f4a                DMA6_IRQHandler
 .text.DMA7_IRQHandler
                0x00004f50        0x6 ./code/PEx/src/DMA_controller.o
                0x00004f50                DMA7_IRQHandler
 .text.DMA8_IRQHandler
                0x00004f56        0x6 ./code/PEx/src/DMA_controller.o
                0x00004f56                DMA8_IRQHandler
 .text.DMA9_IRQHandler
                0x00004f5c        0x6 ./code/PEx/src/DMA_controller.o
                0x00004f5c                DMA9_IRQHandler
 .text.DMA10_IRQHandler
                0x00004f62        0x6 ./code/PEx/src/DMA_controller.o
                0x00004f62                DMA10_IRQHandler
 .text.DMA11_IRQHandler
                0x00004f68        0x6 ./code/PEx/src/DMA_controller.o
                0x00004f68                DMA11_IRQHandler
 .text.DMA12_IRQHandler
                0x00004f6e        0x6 ./code/PEx/src/DMA_controller.o
                0x00004f6e                DMA12_IRQHandler
 .text.DMA13_IRQHandler
                0x00004f74        0x6 ./code/PEx/src/DMA_controller.o
                0x00004f74                DMA13_IRQHandler
 .text.DMA14_IRQHandler
                0x00004f7a        0x6 ./code/PEx/src/DMA_controller.o
                0x00004f7a                DMA14_IRQHandler
 .text.DMA15_IRQHandler
                0x00004f80        0x6 ./code/PEx/src/DMA_controller.o
                0x00004f80                DMA15_IRQHandler
 *fill*         0x00004f86        0x2 
 .text.UART4_RX_TX_IRQHandler
                0x00004f88       0x20 ./code/PEx/src/KW40_UART.o
                0x00004f88                UART4_RX_TX_IRQHandler
 .text.hardware_init
                0x00004fa8       0x88 ./code/PEx/src/hardware_init.o
                0x00004fa8                hardware_init
 .text.init_gpio_pins
                0x00005030      0x148 ./code/PEx/src/pin_mux.o
                0x00005030                init_gpio_pins
 .text.init_i2c_pins
                0x00005178       0x58 ./code/PEx/src/pin_mux.o
                0x00005178                init_i2c_pins
 .text.init_jtag_pins
                0x000051d0       0x48 ./code/PEx/src/pin_mux.o
                0x000051d0                init_jtag_pins
 .text.init_llwu_pins
                0x00005218       0x40 ./code/PEx/src/pin_mux.o
                0x00005218                init_llwu_pins
 .text.init_spi_pins
                0x00005258       0x6c ./code/PEx/src/pin_mux.o
                0x00005258                init_spi_pins
 .text.init_tpiu_pins
                0x000052c4       0x18 ./code/PEx/src/pin_mux.o
                0x000052c4                init_tpiu_pins
 .text.init_uart_pins
                0x000052dc       0x5c ./code/PEx/src/pin_mux.o
                0x000052dc                init_uart_pins
 .text.UART0_RX_TX_IRQHandler
                0x00005338        0x6 ./code/PEx/src/test_uart.o
                0x00005338                UART0_RX_TX_IRQHandler
 *fill*         0x0000533e        0x2 
 .text.SendViaSPI
                0x00005340       0x5c ./code/OLED/src/OLED_driver.o
 .text.AllocateDynamicArea
                0x0000539c       0x16 ./code/OLED/src/OLED_driver.o
 .text.DestroyDynamicArea
                0x000053b2       0x1e ./code/OLED/src/OLED_driver.o
 .text.OLED_SendCmd
                0x000053d0       0x58 ./code/OLED/src/OLED_driver.o
                0x000053d0                OLED_SendCmd
 .text.OLED_Init
                0x00005428      0x27c ./code/OLED/src/OLED_driver.o
                0x00005428                OLED_Init
 .text.SetBorders
                0x000056a4       0x72 ./code/OLED/src/OLED_driver.o
 *fill*         0x00005716        0x2 
 .text.OLED_SendData
                0x00005718       0x90 ./code/OLED/src/OLED_driver.o
                0x00005718                OLED_SendData
 .text.OLED_FillScreen
                0x000057a8       0x38 ./code/OLED/src/OLED_driver.o
                0x000057a8                OLED_FillScreen
 .text.OLED_SetFont
                0x000057e0       0x4c ./code/OLED/src/OLED_driver.o
                0x000057e0                OLED_SetFont
 .text.OLED_DestroyDynamicArea
                0x0000582c       0x18 ./code/OLED/src/OLED_driver.o
                0x0000582c                OLED_DestroyDynamicArea
 .text.OLED_SetDynamicArea
                0x00005844       0x38 ./code/OLED/src/OLED_driver.o
                0x00005844                OLED_SetDynamicArea
 .text.OLED_SetTextProperties
                0x0000587c       0x24 ./code/OLED/src/OLED_driver.o
                0x0000587c                OLED_SetTextProperties
 .text.OLED_GetTextWidth
                0x000058a0       0x38 ./code/OLED/src/OLED_driver.o
                0x000058a0                OLED_GetTextWidth
 .text.OLED_Swap
                0x000058d8       0x1e ./code/OLED/src/OLED_driver.o
                0x000058d8                OLED_Swap
 *fill*         0x000058f6        0x2 
 .text.OLED_AddText
                0x000058f8      0x294 ./code/OLED/src/OLED_driver.o
                0x000058f8                OLED_AddText
 .text.OLED_DrawText
                0x00005b8c       0x38 ./code/OLED/src/OLED_driver.o
                0x00005b8c                OLED_DrawText
 .text.HEXIWEAR_startup
                0x00005bc4       0xd0 ./code/HEXIWEAR/src/HEXIWEAR_driver.o
                0x00005bc4                HEXIWEAR_startup
 .text.HEXIWEAR_Init
                0x00005c94       0x38 ./code/HEXIWEAR/src/HEXIWEAR_driver.o
                0x00005c94                HEXIWEAR_Init
 .text.HEXIWEAR_ResetMCU
                0x00005ccc       0x24 ./code/HEXIWEAR/src/HEXIWEAR_driver.o
                0x00005ccc                HEXIWEAR_ResetMCU
 .text.vApplicationIdleHook
                0x00005cf0        0x4 ./code/HEXIWEAR/src/HEXIWEAR_driver.o
                0x00005cf0                vApplicationIdleHook
 .text.LLWU_IRQHandler
                0x00005cf4        0x2 ./code/Events.o
                0x00005cf4                LLWU_IRQHandler
 .text.I2C0_IRQHandler
                0x00005cf6        0x6 ./code/Events.o
                0x00005cf6                I2C0_IRQHandler
 .text.I2C1_IRQHandler
                0x00005cfc        0x6 ./code/Events.o
                0x00005cfc                I2C1_IRQHandler
 .text.SPI1_IRQHandler
                0x00005d02        0x6 ./code/Events.o
                0x00005d02                SPI1_IRQHandler
 .text.SPI2_IRQHandler
                0x00005d08        0x6 ./code/Events.o
                0x00005d08                SPI2_IRQHandler
 .text.RTC_IRQHandler
                0x00005d0e        0x2 ./code/Events.o
                0x00005d0e                RTC_IRQHandler
 .text.RTC_Seconds_IRQHandler
                0x00005d10        0x2 ./code/Events.o
                0x00005d10                RTC_Seconds_IRQHandler
 .text.ADC0_IRQHandler
                0x00005d12        0x2 ./code/Events.o
                0x00005d12                ADC0_IRQHandler
 .text.LPTMR0_IRQHandler
                0x00005d14        0x6 ./code/Events.o
                0x00005d14                LPTMR0_IRQHandler
 *fill*         0x00005d1a        0x2 
 .text.PORTC_IRQHandler
                0x00005d1c       0x10 ./code/Events.o
                0x00005d1c                PORTC_IRQHandler
 .text.PORTD_IRQHandler
                0x00005d2c       0x10 ./code/Events.o
                0x00005d2c                PORTD_IRQHandler
 .text.PORTB_IRQHandler
                0x00005d3c       0x10 ./code/Events.o
                0x00005d3c                PORTB_IRQHandler
 .text.PE_low_level_init
                0x00005d4c       0x12 ./code/PE_low_level_init.o
                0x00005d4c                PE_low_level_init
 *fill*         0x00005d5e        0x2 
 .text.Task1    0x00005d60       0x9c ./code/main.o
                0x00005d60                Task1
 .text.startup.main
                0x00005dfc       0x4c ./code/main.o
                0x00005dfc                main
 .text.__assert_func
                0x00005e48       0x38 c:/freescale/kds_v3/toolchain/bin/../lib/gcc/arm-none-eabi/4.8.4/../../../../arm-none-eabi/lib/armv7e-m/fpu\libg_s.a(lib_a-assert.o)
                0x00005e48                __assert_func
 .text.__errno  0x00005e80        0xc c:/freescale/kds_v3/toolchain/bin/../lib/gcc/arm-none-eabi/4.8.4/../../../../arm-none-eabi/lib/armv7e-m/fpu\libg_s.a(lib_a-errno.o)
                0x00005e80                __errno
 .text.exit     0x00005e8c       0x28 c:/freescale/kds_v3/toolchain/bin/../lib/gcc/arm-none-eabi/4.8.4/../../../../arm-none-eabi/lib/armv7e-m/fpu\libg_s.a(lib_a-exit.o)
                0x00005e8c                exit
 .text.fprintf  0x00005eb4       0x24 c:/freescale/kds_v3/toolchain/bin/../lib/gcc/arm-none-eabi/4.8.4/../../../../arm-none-eabi/lib/armv7e-m/fpu\libg_s.a(lib_a-fprintf.o)
                0x00005eb4                fiprintf
                0x00005eb4                fprintf
 .text.__libc_init_array
                0x00005ed8       0x4c c:/freescale/kds_v3/toolchain/bin/../lib/gcc/arm-none-eabi/4.8.4/../../../../arm-none-eabi/lib/armv7e-m/fpu\libg_s.a(lib_a-init.o)
                0x00005ed8                __libc_init_array
 .text.malloc   0x00005f24       0x10 c:/freescale/kds_v3/toolchain/bin/../lib/gcc/arm-none-eabi/4.8.4/../../../../arm-none-eabi/lib/armv7e-m/fpu\libg_s.a(lib_a-malloc.o)
                0x00005f24                malloc
 .text.free     0x00005f34       0x10 c:/freescale/kds_v3/toolchain/bin/../lib/gcc/arm-none-eabi/4.8.4/../../../../arm-none-eabi/lib/armv7e-m/fpu\libg_s.a(lib_a-malloc.o)
                0x00005f34                free
 .text.memcpy   0x00005f44       0x12 c:/freescale/kds_v3/toolchain/bin/../lib/gcc/arm-none-eabi/4.8.4/../../../../arm-none-eabi/lib/armv7e-m/fpu\libg_s.a(lib_a-memcpy-stub.o)
                0x00005f44                memcpy
 .text.memset   0x00005f56       0x10 c:/freescale/kds_v3/toolchain/bin/../lib/gcc/arm-none-eabi/4.8.4/../../../../arm-none-eabi/lib/armv7e-m/fpu\libg_s.a(lib_a-memset.o)
                0x00005f56                memset
 *fill*         0x00005f66        0x2 
 .text._free_r  0x00005f68       0x88 c:/freescale/kds_v3/toolchain/bin/../lib/gcc/arm-none-eabi/4.8.4/../../../../arm-none-eabi/lib/armv7e-m/fpu\libg_s.a(lib_a-nano-freer.o)
                0x00005f68                _free_r
 .text._malloc_r
                0x00005ff0       0xa8 c:/freescale/kds_v3/toolchain/bin/../lib/gcc/arm-none-eabi/4.8.4/../../../../arm-none-eabi/lib/armv7e-m/fpu\libg_s.a(lib_a-nano-mallocr.o)
                0x00005ff0                _malloc_r
 .text._sbrk_r  0x00006098       0x20 c:/freescale/kds_v3/toolchain/bin/../lib/gcc/arm-none-eabi/4.8.4/../../../../arm-none-eabi/lib/armv7e-m/fpu\libg_s.a(lib_a-sbrkr.o)
                0x00006098                _sbrk_r
 .text.__sfputc_r
                0x000060b8       0x2c c:/freescale/kds_v3/toolchain/bin/../lib/gcc/arm-none-eabi/4.8.4/../../../../arm-none-eabi/lib/armv7e-m/fpu\libg_s.a(lib_a-vfprintf.o)
 .text.__sfputs_r
                0x000060e4       0x24 c:/freescale/kds_v3/toolchain/bin/../lib/gcc/arm-none-eabi/4.8.4/../../../../arm-none-eabi/lib/armv7e-m/fpu\libg_s.a(lib_a-vfprintf.o)
                0x000060e4                __sfputs_r
 .text._vfprintf_r
                0x00006108      0x208 c:/freescale/kds_v3/toolchain/bin/../lib/gcc/arm-none-eabi/4.8.4/../../../../arm-none-eabi/lib/armv7e-m/fpu\libg_s.a(lib_a-vfprintf.o)
                0x00006108                _vfprintf_r
                0x00006108                _vfiprintf_r
 .text._printf_common
                0x00006310       0xe4 c:/freescale/kds_v3/toolchain/bin/../lib/gcc/arm-none-eabi/4.8.4/../../../../arm-none-eabi/lib/armv7e-m/fpu\libg_s.a(lib_a-vfprintf_i.o)
                0x00006310                _printf_common
 .text._printf_i
                0x000063f4      0x228 c:/freescale/kds_v3/toolchain/bin/../lib/gcc/arm-none-eabi/4.8.4/../../../../arm-none-eabi/lib/armv7e-m/fpu\libg_s.a(lib_a-vfprintf_i.o)
                0x000063f4                _printf_i
 .text.__swbuf_r
                0x0000661c       0xa8 c:/freescale/kds_v3/toolchain/bin/../lib/gcc/arm-none-eabi/4.8.4/../../../../arm-none-eabi/lib/armv7e-m/fpu\libg_s.a(lib_a-wbuf.o)
                0x0000661c                __swbuf_r
 .text.__swsetup_r
                0x000066c4       0xdc c:/freescale/kds_v3/toolchain/bin/../lib/gcc/arm-none-eabi/4.8.4/../../../../arm-none-eabi/lib/armv7e-m/fpu\libg_s.a(lib_a-wsetup.o)
                0x000066c4                __swsetup_r
 .text.abort    0x000067a0        0xe c:/freescale/kds_v3/toolchain/bin/../lib/gcc/arm-none-eabi/4.8.4/../../../../arm-none-eabi/lib/armv7e-m/fpu\libg_s.a(lib_a-abort.o)
                0x000067a0                abort
 .text.__sflush_r
                0x000067ae      0x106 c:/freescale/kds_v3/toolchain/bin/../lib/gcc/arm-none-eabi/4.8.4/../../../../arm-none-eabi/lib/armv7e-m/fpu\libg_s.a(lib_a-fflush.o)
                0x000067ae                __sflush_r
 .text._fflush_r
                0x000068b4       0x54 c:/freescale/kds_v3/toolchain/bin/../lib/gcc/arm-none-eabi/4.8.4/../../../../arm-none-eabi/lib/armv7e-m/fpu\libg_s.a(lib_a-fflush.o)
                0x000068b4                _fflush_r
 .text._cleanup_r
                0x00006908       0x32 c:/freescale/kds_v3/toolchain/bin/../lib/gcc/arm-none-eabi/4.8.4/../../../../arm-none-eabi/lib/armv7e-m/fpu\libg_s.a(lib_a-findfp.o)
                0x00006908                _cleanup_r
 *fill*         0x0000693a        0x2 
 .text.std.isra.0
                0x0000693c       0x48 c:/freescale/kds_v3/toolchain/bin/../lib/gcc/arm-none-eabi/4.8.4/../../../../arm-none-eabi/lib/armv7e-m/fpu\libg_s.a(lib_a-findfp.o)
 .text.__sfmoreglue
                0x00006984       0x2c c:/freescale/kds_v3/toolchain/bin/../lib/gcc/arm-none-eabi/4.8.4/../../../../arm-none-eabi/lib/armv7e-m/fpu\libg_s.a(lib_a-findfp.o)
                0x00006984                __sfmoreglue
 .text.__sinit  0x000069b0       0x60 c:/freescale/kds_v3/toolchain/bin/../lib/gcc/arm-none-eabi/4.8.4/../../../../arm-none-eabi/lib/armv7e-m/fpu\libg_s.a(lib_a-findfp.o)
                0x000069b0                __sinit
 .text.__sfp    0x00006a10       0x74 c:/freescale/kds_v3/toolchain/bin/../lib/gcc/arm-none-eabi/4.8.4/../../../../arm-none-eabi/lib/armv7e-m/fpu\libg_s.a(lib_a-findfp.o)
                0x00006a10                __sfp
 .text.__smakebuf_r
                0x00006a84       0x9c c:/freescale/kds_v3/toolchain/bin/../lib/gcc/arm-none-eabi/4.8.4/../../../../arm-none-eabi/lib/armv7e-m/fpu\libg_s.a(lib_a-makebuf.o)
                0x00006a84                __smakebuf_r
 .text.memchr   0x00006b20       0x1e c:/freescale/kds_v3/toolchain/bin/../lib/gcc/arm-none-eabi/4.8.4/../../../../arm-none-eabi/lib/armv7e-m/fpu\libg_s.a(lib_a-memchr-stub.o)
                0x00006b20                memchr
 .text._raise_r
                0x00006b3e       0x50 c:/freescale/kds_v3/toolchain/bin/../lib/gcc/arm-none-eabi/4.8.4/../../../../arm-none-eabi/lib/armv7e-m/fpu\libg_s.a(lib_a-signal.o)
                0x00006b3e                _raise_r
 *fill*         0x00006b8e        0x2 
 .text.raise    0x00006b90       0x10 c:/freescale/kds_v3/toolchain/bin/../lib/gcc/arm-none-eabi/4.8.4/../../../../arm-none-eabi/lib/armv7e-m/fpu\libg_s.a(lib_a-signal.o)
                0x00006b90                raise
 .text._kill_r  0x00006ba0       0x24 c:/freescale/kds_v3/toolchain/bin/../lib/gcc/arm-none-eabi/4.8.4/../../../../arm-none-eabi/lib/armv7e-m/fpu\libg_s.a(lib_a-signalr.o)
                0x00006ba0                _kill_r
 .text._getpid_r
                0x00006bc4        0x4 c:/freescale/kds_v3/toolchain/bin/../lib/gcc/arm-none-eabi/4.8.4/../../../../arm-none-eabi/lib/armv7e-m/fpu\libg_s.a(lib_a-signalr.o)
                0x00006bc4                _getpid_r
 .text.__sread  0x00006bc8       0x22 c:/freescale/kds_v3/toolchain/bin/../lib/gcc/arm-none-eabi/4.8.4/../../../../arm-none-eabi/lib/armv7e-m/fpu\libg_s.a(lib_a-stdio.o)
                0x00006bc8                __sread
 .text.__swrite
                0x00006bea       0x38 c:/freescale/kds_v3/toolchain/bin/../lib/gcc/arm-none-eabi/4.8.4/../../../../arm-none-eabi/lib/armv7e-m/fpu\libg_s.a(lib_a-stdio.o)
                0x00006bea                __swrite
 .text.__sseek  0x00006c22       0x24 c:/freescale/kds_v3/toolchain/bin/../lib/gcc/arm-none-eabi/4.8.4/../../../../arm-none-eabi/lib/armv7e-m/fpu\libg_s.a(lib_a-stdio.o)
                0x00006c22                __sseek
 .text.__sclose
                0x00006c46        0x8 c:/freescale/kds_v3/toolchain/bin/../lib/gcc/arm-none-eabi/4.8.4/../../../../arm-none-eabi/lib/armv7e-m/fpu\libg_s.a(lib_a-stdio.o)
                0x00006c46                __sclose
 .text.strlen   0x00006c4e       0x10 c:/freescale/kds_v3/toolchain/bin/../lib/gcc/arm-none-eabi/4.8.4/../../../../arm-none-eabi/lib/armv7e-m/fpu\libg_s.a(lib_a-strlen.o)
                0x00006c4e                strlen
 *fill*         0x00006c5e        0x2 
 .text._write_r
                0x00006c60       0x24 c:/freescale/kds_v3/toolchain/bin/../lib/gcc/arm-none-eabi/4.8.4/../../../../arm-none-eabi/lib/armv7e-m/fpu\libg_s.a(lib_a-writer.o)
                0x00006c60                _write_r
 .text._close_r
                0x00006c84       0x20 c:/freescale/kds_v3/toolchain/bin/../lib/gcc/arm-none-eabi/4.8.4/../../../../arm-none-eabi/lib/armv7e-m/fpu\libg_s.a(lib_a-closer.o)
                0x00006c84                _close_r
 .text._fstat_r
                0x00006ca4       0x24 c:/freescale/kds_v3/toolchain/bin/../lib/gcc/arm-none-eabi/4.8.4/../../../../arm-none-eabi/lib/armv7e-m/fpu\libg_s.a(lib_a-fstatr.o)
                0x00006ca4                _fstat_r
 .text._isatty_r
                0x00006cc8       0x20 c:/freescale/kds_v3/toolchain/bin/../lib/gcc/arm-none-eabi/4.8.4/../../../../arm-none-eabi/lib/armv7e-m/fpu\libg_s.a(lib_a-isattyr.o)
                0x00006cc8                _isatty_r
 .text._lseek_r
                0x00006ce8       0x24 c:/freescale/kds_v3/toolchain/bin/../lib/gcc/arm-none-eabi/4.8.4/../../../../arm-none-eabi/lib/armv7e-m/fpu\libg_s.a(lib_a-lseekr.o)
                0x00006ce8                _lseek_r
 .text._read_r  0x00006d0c       0x24 c:/freescale/kds_v3/toolchain/bin/../lib/gcc/arm-none-eabi/4.8.4/../../../../arm-none-eabi/lib/armv7e-m/fpu\libg_s.a(lib_a-readr.o)
                0x00006d0c                _read_r
 .text._close   0x00006d30       0x10 c:/freescale/kds_v3/toolchain/bin/../lib/gcc/arm-none-eabi/4.8.4/../../../../arm-none-eabi/lib/armv7e-m/fpu\libnosys.a(close.o)
                0x00006d30                _close
 .text._fstat   0x00006d40       0x10 c:/freescale/kds_v3/toolchain/bin/../lib/gcc/arm-none-eabi/4.8.4/../../../../arm-none-eabi/lib/armv7e-m/fpu\libnosys.a(fstat.o)
                0x00006d40                _fstat
 .text._getpid  0x00006d50       0x10 c:/freescale/kds_v3/toolchain/bin/../lib/gcc/arm-none-eabi/4.8.4/../../../../arm-none-eabi/lib/armv7e-m/fpu\libnosys.a(getpid.o)
                0x00006d50                _getpid
 .text._isatty  0x00006d60       0x10 c:/freescale/kds_v3/toolchain/bin/../lib/gcc/arm-none-eabi/4.8.4/../../../../arm-none-eabi/lib/armv7e-m/fpu\libnosys.a(isatty.o)
                0x00006d60                _isatty
 .text._kill    0x00006d70       0x10 c:/freescale/kds_v3/toolchain/bin/../lib/gcc/arm-none-eabi/4.8.4/../../../../arm-none-eabi/lib/armv7e-m/fpu\libnosys.a(kill.o)
                0x00006d70                _kill
 .text._lseek   0x00006d80       0x10 c:/freescale/kds_v3/toolchain/bin/../lib/gcc/arm-none-eabi/4.8.4/../../../../arm-none-eabi/lib/armv7e-m/fpu\libnosys.a(lseek.o)
                0x00006d80                _lseek
 .text._read    0x00006d90       0x10 c:/freescale/kds_v3/toolchain/bin/../lib/gcc/arm-none-eabi/4.8.4/../../../../arm-none-eabi/lib/armv7e-m/fpu\libnosys.a(read.o)
                0x00006d90                _read
 .text._write   0x00006da0       0x10 c:/freescale/kds_v3/toolchain/bin/../lib/gcc/arm-none-eabi/4.8.4/../../../../arm-none-eabi/lib/armv7e-m/fpu\libnosys.a(write.o)
                0x00006da0                _write
 .text._exit    0x00006db0        0x4 c:/freescale/kds_v3/toolchain/bin/../lib/gcc/arm-none-eabi/4.8.4/../../../../arm-none-eabi/lib/armv7e-m/fpu\libnosys.a(_exit.o)
                0x00006db0                _exit
 *(.rodata)
 *(.rodata*)
 .rodata.str1.1
                0x00006db4       0x15 ./code/intf/src/host_mcu_interface_rx.o
 .rodata.str1.1
                0x00006dc9       0x15 ./code/intf/src/host_mcu_interface_tx.o
 .rodata.str1.1
                0x00006dde        0x5 ./code/SDK/rtos/FreeRTOS/src/tasks.o
 .rodata.str1.1
                0x00006de3        0xd ./code/SDK/rtos/FreeRTOS/src/timers.o
 .rodata.__func__.7818
                0x00006df0       0x19 ./code/SDK/platform/system/src/clock/MK64F12/fsl_clock_MK64F12.o
 .rodata.uartGateTable
                0x00006e09        0x6 ./code/SDK/platform/system/src/clock/MK64F12/fsl_clock_MK64F12.o
 .rodata.portGateTable
                0x00006e0f        0x5 ./code/SDK/platform/system/src/clock/MK64F12/fsl_clock_MK64F12.o
 .rodata.i2cGateTable